../Core/Src/main.c:91:6:TFT_DrawMenu	48	static
../Core/Src/main.c:122:9:compare_uid	24	static
../Core/Src/main.c:130:5:find_card	24	static
../Core/Src/main.c:139:6:add_card	16	static
../Core/Src/main.c:149:6:delete_card	24	static
../Core/Src/main.c:168:5:main	104	static
../Core/Src/main.c:254:6:SystemClock_Config	72	static
../Core/Src/main.c:291:13:MX_SPI1_Init	8	static
../Core/Src/main.c:327:13:MX_SPI2_Init	8	static
../Core/Src/main.c:363:13:MX_USART1_UART_Init	8	static
../Core/Src/main.c:394:13:MX_GPIO_Init	40	static
../Core/Src/main.c:449:6:UART_Task	16	static
../Core/Src/main.c:471:6:RFID_Task	32	static
../Core/Src/main.c:533:6:StartDefaultTask	16	static
../Core/Src/main.c:550:6:HAL_TIM_PeriodElapsedCallback	16	static
../Core/Src/main.c:566:6:Error_Handler	4	static,ignoring_inline_asm
