../Core/Src/rc522.c:11:13:RC522_Select	8	static
../Core/Src/rc522.c:15:13:RC522_Unselect	8	static
../Core/Src/rc522.c:20:6:RC522_WriteRegister	24	static
../Core/Src/rc522.c:31:9:RC522_ReadRegister	24	static
../Core/Src/rc522.c:44:6:RC522_SetBitMask	16	static
../Core/Src/rc522.c:48:6:RC522_ClearBitMask	16	static
../Core/Src/rc522.c:53:6:RC522_Reset	8	static
../Core/Src/rc522.c:59:6:RC522_AntennaOn	16	static
../Core/Src/rc522.c:66:6:RC522_AntennaOff	8	static
../Core/Src/rc522.c:71:6:RC522_Init	8	static
../Core/Src/rc522.c:93:9:RC522_ToCard	40	static
../Core/Src/rc522.c:161:9:RC522_Request	32	static
../Core/Src/rc522.c:176:9:RC522_Anticoll	32	static
../Core/Src/rc522.c:200:9:RC522_Check	24	static
