../Core/Src/tft_ili9341.c:13:13:TFT_Select	8	static
../Core/Src/tft_ili9341.c:17:13:TFT_Unselect	8	static
../Core/Src/tft_ili9341.c:21:13:TFT_DC_Command	8	static
../Core/Src/tft_ili9341.c:25:13:TFT_DC_Data	8	static
../Core/Src/tft_ili9341.c:29:13:TFT_Reset	8	static
../Core/Src/tft_ili9341.c:36:13:TFT_WriteCommand	16	static
../Core/Src/tft_ili9341.c:43:13:TFT_WriteData	16	static
../Core/Src/tft_ili9341.c:51:13:TFT_SetAddrWindow	32	static
../Core/Src/tft_ili9341.c:73:6:TFT_Init	24	static
../Core/Src/tft_ili9341.c:98:6:TFT_DrawPixel	24	static
../Core/Src/tft_ili9341.c:109:6:TFT_FillScreen	24	static
../Core/Src/tft_ili9341.c:125:6:TFT_DrawRect	32	static
../Core/Src/tft_ili9341.c:134:6:TFT_DrawChar	48	static
../Core/Src/tft_ili9341.c:165:6:TFT_DrawString	32	static
