../Core/Src/main.c:130:6:Keypad_Scan	32	static
../Core/Src/main.c:151:6:Keypad_GetKey	16	static
../Core/Src/main.c:164:9:compare_uid	24	static
../Core/Src/main.c:172:5:find_card	24	static
../Core/Src/main.c:181:6:add_card	16	static
../Core/Src/main.c:191:6:delete_card	24	static
../Core/Src/main.c:204:6:Servo_SetAngle	24	static
../Core/Src/main.c:215:5:main	112	static
../Core/Src/main.c:316:6:SystemClock_Config	88	static
../Core/Src/main.c:361:13:MX_SPI1_Init	8	static
../Core/Src/main.c:397:13:MX_TIM3_Init	64	static
../Core/Src/main.c:452:13:MX_GPIO_Init	48	static
../Core/Src/main.c:530:6:Menu_Next	4	static
../Core/Src/main.c:535:6:Menu_Prev	16	static
../Core/Src/main.c:547:6:Menu_Enter	4	static
../Core/Src/main.c:554:6:Menu_Back	4	static
../Core/Src/main.c:561:10:GetAction	4	static
../Core/Src/main.c:568:6:TFT_DrawMenu	56	static
../Core/Src/main.c:594:6:Keypad_Task	32	static
../Core/Src/main.c:740:9:CheckPassword	24	static
../Core/Src/main.c:764:6:RFID_Task	104	static
../Core/Src/main.c:909:6:StartDefaultTask	16	static
../Core/Src/main.c:926:6:HAL_TIM_PeriodElapsedCallback	16	static
../Core/Src/main.c:942:6:Error_Handler	4	static,ignoring_inline_asm
