../Core/Src/main.c:125:6:Keypad_Scan	32	static
../Core/Src/main.c:146:6:Keypad_GetKey	16	static
../Core/Src/main.c:159:9:compare_uid	24	static
../Core/Src/main.c:167:5:find_card	24	static
../Core/Src/main.c:176:6:add_card	16	static
../Core/Src/main.c:186:6:delete_card	24	static
../Core/Src/main.c:205:5:main	112	static
../Core/Src/main.c:306:6:SystemClock_Config	88	static
../Core/Src/main.c:350:13:MX_SPI1_Init	8	static
../Core/Src/main.c:386:13:MX_TIM3_Init	32	static
../Core/Src/main.c:428:13:MX_GPIO_Init	48	static
../Core/Src/main.c:498:6:Menu_Next	4	static
../Core/Src/main.c:503:6:Menu_Prev	16	static
../Core/Src/main.c:515:6:Menu_Enter	4	static
../Core/Src/main.c:522:6:Menu_Back	4	static
../Core/Src/main.c:529:10:GetAction	4	static
../Core/Src/main.c:536:6:TFT_DrawMenu	56	static
../Core/Src/main.c:562:6:Keypad_Task	32	static
../Core/Src/main.c:700:9:CheckPassword	24	static
../Core/Src/main.c:724:6:RFID_Task	104	static
../Core/Src/main.c:860:6:StartDefaultTask	16	static
../Core/Src/main.c:877:6:HAL_TIM_PeriodElapsedCallback	16	static
../Core/Src/main.c:893:6:Error_Handler	4	static,ignoring_inline_asm
