../Core/Src/main.c:150:6:Keypad_Scan	32	static
../Core/Src/main.c:172:6:Keypad_GetKey	16	static
../Core/Src/main.c:185:9:compare_uid	24	static
../Core/Src/main.c:193:5:find_card	24	static
../Core/Src/main.c:202:6:add_card	16	static
../Core/Src/main.c:212:6:delete_card	24	static
../Core/Src/main.c:225:6:Servo_SetAngle	24	static
../Core/Src/main.c:236:5:main	112	static
../Core/Src/main.c:342:6:SystemClock_Config	88	static
../Core/Src/main.c:390:13:MX_SPI1_Init	8	static
../Core/Src/main.c:428:13:MX_TIM3_Init	64	static
../Core/Src/main.c:487:13:MX_USART1_UART_Init	8	static
../Core/Src/main.c:520:13:MX_GPIO_Init	48	static
../Core/Src/main.c:600:6:Flash_Write	72	static
../Core/Src/main.c:628:6:Flash_Read	40	static
../Core/Src/main.c:653:6:Menu_Next	4	static
../Core/Src/main.c:658:6:Menu_Prev	16	static
../Core/Src/main.c:670:6:Menu_Enter	4	static
../Core/Src/main.c:677:6:Menu_Back	4	static
../Core/Src/main.c:684:10:GetAction	4	static
../Core/Src/main.c:691:6:TFT_DrawMenu	64	static
../Core/Src/main.c:717:6:Keypad_Task	32	static
../Core/Src/main.c:907:9:CheckPassword	24	static
../Core/Src/main.c:931:6:RFID_Task	80	static
../Core/Src/main.c:1069:6:Send_Event	216	static
../Core/Src/main.c:1084:6:Send_All_Cards	296	static
../Core/Src/main.c:1117:6:StartDefaultTask	16	static
../Core/Src/main.c:1135:6:HAL_TIM_PeriodElapsedCallback	16	static
../Core/Src/main.c:1153:6:Error_Handler	4	static,ignoring_inline_asm
