Archive member included to satisfy reference by file (symbol)

C:/ST/STM32CubeIDE_1.19.0/STM32CubeIDE/plugins/com.st.stm32cube.ide.mcu.externaltools.gnu-tools-for-stm32.14.3.rel1.win32_1.0.100.202602081740/tools/bin/../lib/gcc/arm-none-eabi/14.3.1/../../../../arm-none-eabi/lib/thumb/v7e-m+fp/hard\libc_nano.a(libc_a-exit.o)
                              C:/ST/STM32CubeIDE_1.19.0/STM32CubeIDE/plugins/com.st.stm32cube.ide.mcu.externaltools.gnu-tools-for-stm32.14.3.rel1.win32_1.0.100.202602081740/tools/bin/../lib/gcc/arm-none-eabi/14.3.1/../../../../arm-none-eabi/lib/thumb/v7e-m+fp/hard/crt0.o (exit)
C:/ST/STM32CubeIDE_1.19.0/STM32CubeIDE/plugins/com.st.stm32cube.ide.mcu.externaltools.gnu-tools-for-stm32.14.3.rel1.win32_1.0.100.202602081740/tools/bin/../lib/gcc/arm-none-eabi/14.3.1/../../../../arm-none-eabi/lib/thumb/v7e-m+fp/hard\libc_nano.a(libc_a-findfp.o)
                              C:/ST/STM32CubeIDE_1.19.0/STM32CubeIDE/plugins/com.st.stm32cube.ide.mcu.externaltools.gnu-tools-for-stm32.14.3.rel1.win32_1.0.100.202602081740/tools/bin/../lib/gcc/arm-none-eabi/14.3.1/../../../../arm-none-eabi/lib/thumb/v7e-m+fp/hard\libc_nano.a(libc_a-exit.o) (__stdio_exit_handler)
C:/ST/STM32CubeIDE_1.19.0/STM32CubeIDE/plugins/com.st.stm32cube.ide.mcu.externaltools.gnu-tools-for-stm32.14.3.rel1.win32_1.0.100.202602081740/tools/bin/../lib/gcc/arm-none-eabi/14.3.1/../../../../arm-none-eabi/lib/thumb/v7e-m+fp/hard\libc_nano.a(libc_a-fwalk.o)
                              C:/ST/STM32CubeIDE_1.19.0/STM32CubeIDE/plugins/com.st.stm32cube.ide.mcu.externaltools.gnu-tools-for-stm32.14.3.rel1.win32_1.0.100.202602081740/tools/bin/../lib/gcc/arm-none-eabi/14.3.1/../../../../arm-none-eabi/lib/thumb/v7e-m+fp/hard\libc_nano.a(libc_a-findfp.o) (_fwalk_sglue)
C:/ST/STM32CubeIDE_1.19.0/STM32CubeIDE/plugins/com.st.stm32cube.ide.mcu.externaltools.gnu-tools-for-stm32.14.3.rel1.win32_1.0.100.202602081740/tools/bin/../lib/gcc/arm-none-eabi/14.3.1/../../../../arm-none-eabi/lib/thumb/v7e-m+fp/hard\libc_nano.a(libc_a-sprintf.o)
                              ./Core/Src/main.o (sprintf)
C:/ST/STM32CubeIDE_1.19.0/STM32CubeIDE/plugins/com.st.stm32cube.ide.mcu.externaltools.gnu-tools-for-stm32.14.3.rel1.win32_1.0.100.202602081740/tools/bin/../lib/gcc/arm-none-eabi/14.3.1/../../../../arm-none-eabi/lib/thumb/v7e-m+fp/hard\libc_nano.a(libc_a-stdio.o)
                              C:/ST/STM32CubeIDE_1.19.0/STM32CubeIDE/plugins/com.st.stm32cube.ide.mcu.externaltools.gnu-tools-for-stm32.14.3.rel1.win32_1.0.100.202602081740/tools/bin/../lib/gcc/arm-none-eabi/14.3.1/../../../../arm-none-eabi/lib/thumb/v7e-m+fp/hard\libc_nano.a(libc_a-findfp.o) (__sread)
C:/ST/STM32CubeIDE_1.19.0/STM32CubeIDE/plugins/com.st.stm32cube.ide.mcu.externaltools.gnu-tools-for-stm32.14.3.rel1.win32_1.0.100.202602081740/tools/bin/../lib/gcc/arm-none-eabi/14.3.1/../../../../arm-none-eabi/lib/thumb/v7e-m+fp/hard\libc_nano.a(libc_a-memset.o)
                              C:/ST/STM32CubeIDE_1.19.0/STM32CubeIDE/plugins/com.st.stm32cube.ide.mcu.externaltools.gnu-tools-for-stm32.14.3.rel1.win32_1.0.100.202602081740/tools/bin/../lib/gcc/arm-none-eabi/14.3.1/../../../../arm-none-eabi/lib/thumb/v7e-m+fp/hard/crt0.o (memset)
C:/ST/STM32CubeIDE_1.19.0/STM32CubeIDE/plugins/com.st.stm32cube.ide.mcu.externaltools.gnu-tools-for-stm32.14.3.rel1.win32_1.0.100.202602081740/tools/bin/../lib/gcc/arm-none-eabi/14.3.1/../../../../arm-none-eabi/lib/thumb/v7e-m+fp/hard\libc_nano.a(libc_a-closer.o)
                              C:/ST/STM32CubeIDE_1.19.0/STM32CubeIDE/plugins/com.st.stm32cube.ide.mcu.externaltools.gnu-tools-for-stm32.14.3.rel1.win32_1.0.100.202602081740/tools/bin/../lib/gcc/arm-none-eabi/14.3.1/../../../../arm-none-eabi/lib/thumb/v7e-m+fp/hard\libc_nano.a(libc_a-stdio.o) (_close_r)
C:/ST/STM32CubeIDE_1.19.0/STM32CubeIDE/plugins/com.st.stm32cube.ide.mcu.externaltools.gnu-tools-for-stm32.14.3.rel1.win32_1.0.100.202602081740/tools/bin/../lib/gcc/arm-none-eabi/14.3.1/../../../../arm-none-eabi/lib/thumb/v7e-m+fp/hard\libc_nano.a(libc_a-reent.o)
                              C:/ST/STM32CubeIDE_1.19.0/STM32CubeIDE/plugins/com.st.stm32cube.ide.mcu.externaltools.gnu-tools-for-stm32.14.3.rel1.win32_1.0.100.202602081740/tools/bin/../lib/gcc/arm-none-eabi/14.3.1/../../../../arm-none-eabi/lib/thumb/v7e-m+fp/hard\libc_nano.a(libc_a-closer.o) (errno)
C:/ST/STM32CubeIDE_1.19.0/STM32CubeIDE/plugins/com.st.stm32cube.ide.mcu.externaltools.gnu-tools-for-stm32.14.3.rel1.win32_1.0.100.202602081740/tools/bin/../lib/gcc/arm-none-eabi/14.3.1/../../../../arm-none-eabi/lib/thumb/v7e-m+fp/hard\libc_nano.a(libc_a-impure.o)
                              C:/ST/STM32CubeIDE_1.19.0/STM32CubeIDE/plugins/com.st.stm32cube.ide.mcu.externaltools.gnu-tools-for-stm32.14.3.rel1.win32_1.0.100.202602081740/tools/bin/../lib/gcc/arm-none-eabi/14.3.1/../../../../arm-none-eabi/lib/thumb/v7e-m+fp/hard\libc_nano.a(libc_a-sprintf.o) (_impure_ptr)
[...]
Memory Configuration

Name             Origin             Length             Attributes
RAM              0x20000000         0x00010000         xrw
FLASH            0x08000000         0x00040000         xr
*default*        0x00000000         0xffffffff

Linker script and memory map

LOAD C:/ST/STM32CubeIDE_1.19.0/STM32CubeIDE/plugins/com.st.stm32cube.ide.mcu.externaltools.gnu-tools-for-stm32.14.3.rel1.win32_1.0.100.202602081740/tools/bin/../lib/gcc/arm-none-eabi/14.3.1/thumb/v7e-m+fp/hard/crti.o
LOAD C:/ST/STM32CubeIDE_1.19.0/STM32CubeIDE/plugins/com.st.stm32cube.ide.mcu.externaltools.gnu-tools-for-stm32.14.3.rel1.win32_1.0.100.202602081740/tools/bin/../lib/gcc/arm-none-eabi/14.3.1/thumb/v7e-m+fp/hard/crtbegin.o
LOAD C:/ST/STM32CubeIDE_1.19.0/STM32CubeIDE/plugins/com.st.stm32cube.ide.mcu.externaltools.gnu-tools-for-stm32.14.3.rel1.win32_1.0.100.202602081740/tools/bin/../lib/gcc/arm-none-eabi/14.3.1/../../../../arm-none-eabi/lib/thumb/v7e-m+fp/hard/crt0.o
LOAD ./Core/Src/Font11x16_times_utf8.o
LOAD ./Core/Src/freertos.o
LOAD ./Core/Src/main.o
LOAD ./Core/Src/rc522.o
LOAD ./Core/Src/stm32f4xx_hal_msp.o
LOAD ./Core/Src/stm32f4xx_hal_timebase_tim.o
LOAD ./Core/Src/stm32f4xx_it.o
LOAD ./Core/Src/syscalls.o
LOAD ./Core/Src/sysmem.o
LOAD ./Core/Src/system_stm32f4xx.o
LOAD ./Core/Src/tft_ili9341.o
LOAD ./Core/Startup/startup_stm32f401rctx.o
LOAD ./Drivers/STM32F4xx_HAL_Driver/Src/stm32f4xx_hal.o
LOAD ./Drivers/STM32F4xx_HAL_Driver/Src/stm32f4xx_hal_cortex.o
LOAD ./Drivers/STM32F4xx_HAL_Driver/Src/stm32f4xx_hal_dma.o
LOAD ./Drivers/STM32F4xx_HAL_Driver/Src/stm32f4xx_hal_dma_ex.o
LOAD ./Drivers/STM32F4xx_HAL_Driver/Src/stm32f4xx_hal_exti.o
LOAD ./Drivers/STM32F4xx_HAL_Driver/Src/stm32f4xx_hal_flash.o
LOAD ./Drivers/STM32F4xx_HAL_Driver/Src/stm32f4xx_hal_flash_ex.o
LOAD ./Drivers/STM32F4xx_HAL_Driver/Src/stm32f4xx_hal_flash_ramfunc.o
LOAD ./Drivers/STM32F4xx_HAL_Driver/Src/stm32f4xx_hal_gpio.o
LOAD ./Drivers/STM32F4xx_HAL_Driver/Src/stm32f4xx_hal_pwr.o
LOAD ./Drivers/STM32F4xx_HAL_Driver/Src/stm32f4xx_hal_pwr_ex.o
LOAD ./Drivers/STM32F4xx_HAL_Driver/Src/stm32f4xx_hal_rcc.o
LOAD ./Drivers/STM32F4xx_HAL_Driver/Src/stm32f4xx_hal_rcc_ex.o
LOAD ./Drivers/STM32F4xx_HAL_Driver/Src/stm32f4xx_hal_spi.o
LOAD ./Drivers/STM32F4xx_HAL_Driver/Src/stm32f4xx_hal_tim.o
LOAD ./Drivers/STM32F4xx_HAL_Driver/Src/stm32f4xx_hal_tim_ex.o
LOAD ./Middlewares/Third_Party/FreeRTOS/Source/CMSIS_RTOS/cmsis_os.o
LOAD ./Middlewares/Third_Party/FreeRTOS/Source/croutine.o
LOAD ./Middlewares/Third_Party/FreeRTOS/Source/event_groups.o
LOAD ./Middlewares/Third_Party/FreeRTOS/Source/list.o
LOAD ./Middlewares/Third_Party/FreeRTOS/Source/queue.o
LOAD ./Middlewares/Third_Party/FreeRTOS/Source/stream_buffer.o
LOAD ./Middlewares/Third_Party/FreeRTOS/Source/tasks.o
LOAD ./Middlewares/Third_Party/FreeRTOS/Source/timers.o
LOAD ./Middlewares/Third_Party/FreeRTOS/Source/portable/GCC/ARM_CM4F/port.o
LOAD ./Middlewares/Third_Party/FreeRTOS/Source/portable/MemMang/heap_4.o
START GROUP
LOAD C:/ST/STM32CubeIDE_1.19.0/STM32CubeIDE/plugins/com.st.stm32cube.ide.mcu.externaltools.gnu-tools-for-stm32.14.3.rel1.win32_1.0.100.202602081740/tools/bin/../lib/gcc/arm-none-eabi/14.3.1/../../../../arm-none-eabi/lib/thumb/v7e-m+fp/hard\libc_nano.a
LOAD C:/ST/STM32CubeIDE_1.19.0/STM32CubeIDE/plugins/com.st.stm32cube.ide.mcu.externaltools.gnu-tools-for-stm32.14.3.rel1.win32_1.0.100.202602081740/tools/bin/../lib/gcc/arm-none-eabi/14.3.1/../../../../arm-none-eabi/lib/thumb/v7e-m+fp/hard\libm.a
END GROUP
START GROUP
LOAD C:/ST/STM32CubeIDE_1.19.0/STM32CubeIDE/plugins/com.st.stm32cube.ide.mcu.externaltools.gnu-tools-for-stm32.14.3.rel1.win32_1.0.100.202602081740/tools/bin/../lib/gcc/arm-none-eabi/14.3.1/thumb/v7e-m+fp/hard\libgcc.a
LOAD C:/ST/STM32CubeIDE_1.19.0/STM32CubeIDE/plugins/com.st.stm32cube.ide.mcu.externaltools.gnu-tools-for-stm32.14.3.rel1.win32_1.0.100.202602081740/tools/bin/../lib/gcc/arm-none-eabi/14.3.1/../../../../arm-none-eabi/lib/thumb/v7e-m+fp/hard\libc_nano.a
END GROUP
START GROUP
LOAD C:/ST/STM32CubeIDE_1.19.0/STM32CubeIDE/plugins/com.st.stm32cube.ide.mcu.externaltools.gnu-tools-for-stm32.14.3.rel1.win32_1.0.100.202602081740/tools/bin/../lib/gcc/arm-none-eabi/14.3.1/thumb/v7e-m+fp/hard\libgcc.a
LOAD C:/ST/STM32CubeIDE_1.19.0/STM32CubeIDE/plugins/com.st.stm32cube.ide.mcu.externaltools.gnu-tools-for-stm32.14.3.rel1.win32_1.0.100.202602081740/tools/bin/../lib/gcc/arm-none-eabi/14.3.1/../../../../arm-none-eabi/lib/thumb/v7e-m+fp/hard\libc_nano.a
LOAD C:/ST/STM32CubeIDE_1.19.0/STM32CubeIDE/plugins/com.st.stm32cube.ide.mcu.externaltools.gnu-tools-for-stm32.14.3.rel1.win32_1.0.100.202602081740/tools/bin/../lib/gcc/arm-none-eabi/14.3.1/../../../../arm-none-eabi/lib/thumb/v7e-m+fp/hard\libnosys.a
END GROUP
START GROUP
LOAD C:/ST/STM32CubeIDE_1.19.0/STM32CubeIDE/plugins/com.st.stm32cube.ide.mcu.externaltools.gnu-tools-for-stm32.14.3.rel1.win32_1.0.100.202602081740/tools/bin/../lib/gcc/arm-none-eabi/14.3.1/thumb/v7e-m+fp/hard\libgcc.a
LOAD C:/ST/STM32CubeIDE_1.19.0/STM32CubeIDE/plugins/com.st.stm32cube.ide.mcu.externaltools.gnu-tools-for-stm32.14.3.rel1.win32_1.0.100.202602081740/tools/bin/../lib/gcc/arm-none-eabi/14.3.1/../../../../arm-none-eabi/lib/thumb/v7e-m+fp/hard\libc_nano.a
LOAD C:/ST/STM32CubeIDE_1.19.0/STM32CubeIDE/plugins/com.st.stm32cube.ide.mcu.externaltools.gnu-tools-for-stm32.14.3.rel1.win32_1.0.100.202602081740/tools/bin/../lib/gcc/arm-none-eabi/14.3.1/../../../../arm-none-eabi/lib/thumb/v7e-m+fp/hard\libnosys.a
END GROUP
LOAD C:/ST/STM32CubeIDE_1.19.0/STM32CubeIDE/plugins/com.st.stm32cube.ide.mcu.externaltools.gnu-tools-for-stm32.14.3.rel1.win32_1.0.100.202602081740/tools/bin/../lib/gcc/arm-none-eabi/14.3.1/thumb/v7e-m+fp/hard/crtend.o
LOAD C:/ST/STM32CubeIDE_1.19.0/STM32CubeIDE/plugins/com.st.stm32cube.ide.mcu.externaltools.gnu-tools-for-stm32.14.3.rel1.win32_1.0.100.202602081740/tools/bin/../lib/gcc/arm-none-eabi/14.3.1/thumb/v7e-m+fp/hard/crtn.o
                0x20010000                        _estack = (ORIGIN (RAM) + LENGTH (RAM))
                0x00000200                        _Min_Heap_Size = 0x200
                0x00000400                        _Min_Stack_Size = 0x400

.isr_vector     0x08000000      0x194
                0x08000000                        . = ALIGN (0x4)
 *(.isr_vector)
 .isr_vector    0x08000000      0x194 ./Core/Startup/startup_stm32f401rctx.o
                0x08000000                g_pfnVectors
                0x08000194                        . = ALIGN (0x4)

.text           0x080001a0     0x7700
                0x080001a0                        . = ALIGN (0x4)
 *(.text)
 .text          0x080001a0       0x40 C:/ST/STM32CubeIDE_1.19.0/STM32CubeIDE/plugins/com.st.stm32cube.ide.mcu.externaltools.gnu-tools-for-stm32.14.3.rel1.win32_1.0.100.202602081740/tools/bin/../lib/gcc/arm-none-eabi/14.3.1/thumb/v7e-m+fp/hard/crtbegin.o
 .text          0x080001e0       0x14 C:/ST/STM32CubeIDE_1.19.0/STM32CubeIDE/plugins/com.st.stm32cube.ide.mcu.externaltools.gnu-tools-for-stm32.14.3.rel1.win32_1.0.100.202602081740/tools/bin/../lib/gcc/arm-none-eabi/14.3.1/../../../../arm-none-eabi/lib/thumb/v7e-m+fp/hard\libc_nano.a(libc_a-strcmp.o)
                0x080001e0                strcmp
 *fill*         0x080001f4        0xc 
 .text          0x08000200       0xa0 C:/ST/STM32CubeIDE_1.19.0/STM32CubeIDE/plugins/com.st.stm32cube.ide.mcu.externaltools.gnu-tools-for-stm32.14.3.rel1.win32_1.0.100.202602081740/tools/bin/../lib/gcc/arm-none-eabi/14.3.1/../../../../arm-none-eabi/lib/thumb/v7e-m+fp/hard\libc_nano.a(libc_a-memchr.o)
                0x08000200                memchr
 .text          0x080002a0       0x30 C:/ST/STM32CubeIDE_1.19.0/STM32CubeIDE/plugins/com.st.stm32cube.ide.mcu.externaltools.gnu-tools-for-stm32.14.3.rel1.win32_1.0.100.202602081740/tools/bin/../lib/gcc/arm-none-eabi/14.3.1/thumb/v7e-m+fp/hard\libgcc.a(_aeabi_uldivmod.o)
                0x080002a0                __aeabi_uldivmod
 .text          0x080002d0      0x2f8 C:/ST/STM32CubeIDE_1.19.0/STM32CubeIDE/plugins/com.st.stm32cube.ide.mcu.externaltools.gnu-tools-for-stm32.14.3.rel1.win32_1.0.100.202602081740/tools/bin/../lib/gcc/arm-none-eabi/14.3.1/thumb/v7e-m+fp/hard\libgcc.a(_udivmoddi4.o)
                0x080002d0                __udivmoddi4
 .text          0x080005c8        0x4 C:/ST/STM32CubeIDE_1.19.0/STM32CubeIDE/plugins/com.st.stm32cube.ide.mcu.externaltools.gnu-tools-for-stm32.14.3.rel1.win32_1.0.100.202602081740/tools/bin/../lib/gcc/arm-none-eabi/14.3.1/thumb/v7e-m+fp/hard\libgcc.a(_dvmd_tls.o)
                0x080005c8                __aeabi_idiv0
                0x080005c8                __aeabi_ldiv0
 *(.text*)
 .text.vApplicationGetIdleTaskMemory
                0x080005cc       0x34 ./Core/Src/freertos.o
                0x080005cc                vApplicationGetIdleTaskMemory
 .text.Keypad_Scan
                0x08000600       0xac ./Core/Src/main.o
                0x08000600                Keypad_Scan
 .text.Keypad_GetKey
                0x080006ac       0x34 ./Core/Src/main.o
                0x080006ac                Keypad_GetKey
 .text.compare_uid
                0x080006e0       0x42 ./Core/Src/main.o
                0x080006e0                compare_uid
 *fill*         0x08000722        0x2 
 .text.find_card
                0x08000724       0x50 ./Core/Src/main.o
                0x08000724                find_card
 .text.add_card
                0x08000774       0x4c ./Core/Src/main.o
                0x08000774                add_card
 .text.delete_card
                0x080007c0       0x64 ./Core/Src/main.o
                0x080007c0                delete_card
 .text.main     0x08000824      0x138 ./Core/Src/main.o
                0x08000824                main
 .text.SystemClock_Config
                0x0800095c       0xd4 ./Core/Src/main.o
                0x0800095c                SystemClock_Config
 .text.MX_SPI1_Init
                0x08000a30       0x6c ./Core/Src/main.o
 .text.MX_TIM3_Init
                0x08000a9c       0x9c ./Core/Src/main.o
 .text.MX_GPIO_Init
                0x08000b38      0x170 ./Core/Src/main.o
 .text.Menu_Next
                0x08000ca8       0x28 ./Core/Src/main.o
                0x08000ca8                Menu_Next
 .text.Menu_Prev
                0x08000cd0       0x48 ./Core/Src/main.o
                0x08000cd0                Menu_Prev
 .text.Menu_Enter
                0x08000d18       0x34 ./Core/Src/main.o
                0x08000d18                Menu_Enter
 .text.Menu_Back
                0x08000d4c       0x34 ./Core/Src/main.o
                0x08000d4c                Menu_Back
 .text.GetAction
                0x08000d80       0x24 ./Core/Src/main.o
                0x08000d80                GetAction
 .text.TFT_DrawMenu
                0x08000da4       0xf8 ./Core/Src/main.o
                0x08000da4                TFT_DrawMenu
 .text.Keypad_Task
                0x08000e9c      0x358 ./Core/Src/main.o
                0x08000e9c                Keypad_Task
 .text.CheckPassword
                0x080011f4       0xa4 ./Core/Src/main.o
                0x080011f4                CheckPassword
 .text.RFID_Task
                0x08001298      0x33c ./Core/Src/main.o
                0x08001298                RFID_Task
 .text.StartDefaultTask
                0x080015d4       0x10 ./Core/Src/main.o
                0x080015d4                StartDefaultTask
 .text.HAL_TIM_PeriodElapsedCallback
                0x080015e4       0x24 ./Core/Src/main.o
                0x080015e4                HAL_TIM_PeriodElapsedCallback
 .text.Error_Handler
                0x08001608        0xc ./Core/Src/main.o
                0x08001608                Error_Handler
 .text.RC522_Select
                0x08001614       0x18 ./Core/Src/rc522.o
 .text.RC522_Unselect
                0x0800162c       0x18 ./Core/Src/rc522.o
 .text.RC522_WriteRegister
                0x08001644       0x48 ./Core/Src/rc522.o
                0x08001644                RC522_WriteRegister
 .text.RC522_ReadRegister
                0x0800168c       0x5c ./Core/Src/rc522.o
                0x0800168c                RC522_ReadRegister
 .text.RC522_SetBitMask
                0x080016e8       0x34 ./Core/Src/rc522.o
                0x080016e8                RC522_SetBitMask
 .text.RC522_ClearBitMask
                0x0800171c       0x3c ./Core/Src/rc522.o
                0x0800171c                RC522_ClearBitMask
 .text.RC522_Reset
                0x08001758       0x16 ./Core/Src/rc522.o
                0x08001758                RC522_Reset
 .text.RC522_AntennaOn
                0x0800176e       0x2a ./Core/Src/rc522.o
                0x0800176e                RC522_AntennaOn
 .text.RC522_Init
                0x08001798       0x74 ./Core/Src/rc522.o
                0x08001798                RC522_Init
 .text.RC522_ToCard
                0x0800180c      0x17e ./Core/Src/rc522.o
                0x0800180c                RC522_ToCard
 .text.RC522_Request
                0x0800198a       0x46 ./Core/Src/rc522.o
                0x0800198a                RC522_Request
 .text.RC522_Anticoll
                0x080019d0       0x78 ./Core/Src/rc522.o
                0x080019d0                RC522_Anticoll
 .text.RC522_Check
                0x08001a48       0x36 ./Core/Src/rc522.o
                0x08001a48                RC522_Check
 *fill*         0x08001a7e        0x2 
 .text.HAL_MspInit
                0x08001a80       0x58 ./Core/Src/stm32f4xx_hal_msp.o
                0x08001a80                HAL_MspInit
 .text.HAL_SPI_MspInit
                0x08001ad8       0x90 ./Core/Src/stm32f4xx_hal_msp.o
                0x08001ad8                HAL_SPI_MspInit
 .text.HAL_TIM_Base_MspInit
                0x08001b68       0x44 ./Core/Src/stm32f4xx_hal_msp.o
                0x08001b68                HAL_TIM_Base_MspInit
 .text.HAL_InitTick
                0x08001bac       0xf8 ./Core/Src/stm32f4xx_hal_timebase_tim.o
                0x08001bac                HAL_InitTick
 .text.NMI_Handler
                0x08001ca4        0x8 ./Core/Src/stm32f4xx_it.o
                0x08001ca4                NMI_Handler
 .text.HardFault_Handler
                0x08001cac        0x8 ./Core/Src/stm32f4xx_it.o
                0x08001cac                HardFault_Handler
 .text.MemManage_Handler
                0x08001cb4        0x8 ./Core/Src/stm32f4xx_it.o
                0x08001cb4                MemManage_Handler
 .text.BusFault_Handler
                0x08001cbc        0x8 ./Core/Src/stm32f4xx_it.o
                0x08001cbc                BusFault_Handler
 .text.UsageFault_Handler
                0x08001cc4        0x8 ./Core/Src/stm32f4xx_it.o
                0x08001cc4                UsageFault_Handler
 .text.DebugMon_Handler
                0x08001ccc        0xe ./Core/Src/stm32f4xx_it.o
                0x08001ccc                DebugMon_Handler
 *fill*         0x08001cda        0x2 
 .text.TIM4_IRQHandler
                0x08001cdc       0x14 ./Core/Src/stm32f4xx_it.o
                0x08001cdc                TIM4_IRQHandler
 .text._sbrk    0x08001cf0       0x6c ./Core/Src/sysmem.o
                0x08001cf0                _sbrk
 .text.SystemInit
                0x08001d5c       0x24 ./Core/Src/system_stm32f4xx.o
                0x08001d5c                SystemInit
 .text.TFT_Select
                0x08001d80       0x18 ./Core/Src/tft_ili9341.o
 .text.TFT_Unselect
                0x08001d98       0x18 ./Core/Src/tft_ili9341.o
 .text.TFT_DC_Command
                0x08001db0       0x18 ./Core/Src/tft_ili9341.o
 .text.TFT_DC_Data
                0x08001dc8       0x18 ./Core/Src/tft_ili9341.o
 .text.TFT_Reset
                0x08001de0       0x28 ./Core/Src/tft_ili9341.o
 .text.TFT_WriteCommand
                0x08001e08       0x30 ./Core/Src/tft_ili9341.o
 .text.TFT_WriteData
                0x08001e38       0x34 ./Core/Src/tft_ili9341.o
 .text.TFT_SetAddrWindow
                0x08001e6c       0x90 ./Core/Src/tft_ili9341.o
 .text.TFT_Init
                0x08001efc       0x70 ./Core/Src/tft_ili9341.o
                0x08001efc                TFT_Init
 .text.TFT_FillScreen
                0x08001f6c       0x24 ./Core/Src/tft_ili9341.o
                0x08001f6c                TFT_FillScreen
 .text.TFT_DrawRect
                0x08001f90      0x150 ./Core/Src/tft_ili9341.o
                0x08001f90                TFT_DrawRect
 .text.UTF8_Decode
                0x080020e0       0xca ./Core/Src/tft_ili9341.o
 .text.Font_FindChar
                0x080021aa       0x54 ./Core/Src/tft_ili9341.o
 *fill*         0x080021fe        0x2 
 .text.TFT_DrawChar
                0x08002200      0x1ac ./Core/Src/tft_ili9341.o
                0x08002200                TFT_DrawChar
 .text.TFT_DrawString
                0x080023ac       0x54 ./Core/Src/tft_ili9341.o
                0x080023ac                TFT_DrawString
 .text.Reset_Handler
                0x08002400       0x50 ./Core/Startup/startup_stm32f401rctx.o
                0x08002400                Reset_Handler
 .text.Default_Handler
                0x08002450        0x2 ./Core/Startup/startup_stm32f401rctx.o
                0x08002450                RTC_Alarm_IRQHandler
                0x08002450                EXTI2_IRQHandler
                0x08002450                SPI4_IRQHandler
                0x08002450                TIM1_CC_IRQHandler
                0x08002450                DMA2_Stream5_IRQHandler
                0x08002450                DMA1_Stream5_IRQHandler
                0x08002450                PVD_IRQHandler
                0x08002450                SDIO_IRQHandler
                0x08002450                TAMP_STAMP_IRQHandler
                0x08002450                EXTI3_IRQHandler
                0x08002450                TIM1_UP_TIM10_IRQHandler
                0x08002450                I2C3_ER_IRQHandler
                0x08002450                EXTI0_IRQHandler
                0x08002450                I2C2_EV_IRQHandler
                0x08002450                DMA1_Stream2_IRQHandler
                0x08002450                FPU_IRQHandler
                0x08002450                DMA2_Stream2_IRQHandler
                0x08002450                SPI1_IRQHandler
                0x08002450                TIM1_BRK_TIM9_IRQHandler
                0x08002450                DMA2_Stream3_IRQHandler
                0x08002450                USART6_IRQHandler
                0x08002450                DMA2_Stream0_IRQHandler
                0x08002450                I2C1_EV_IRQHandler
                0x08002450                DMA1_Stream6_IRQHandler
                0x08002450                DMA1_Stream1_IRQHandler
                0x08002450                TIM3_IRQHandler
                0x08002450                RCC_IRQHandler
                0x08002450                Default_Handler
                0x08002450                EXTI15_10_IRQHandler
                0x08002450                ADC_IRQHandler
                0x08002450                DMA1_Stream7_IRQHandler
                0x08002450                TIM5_IRQHandler
                0x08002450                DMA2_Stream7_IRQHandler
                0x08002450                I2C3_EV_IRQHandler
                0x08002450                EXTI9_5_IRQHandler
                0x08002450                RTC_WKUP_IRQHandler
                0x08002450                SPI2_IRQHandler
                0x08002450                DMA1_Stream0_IRQHandler
                0x08002450                EXTI4_IRQHandler
                0x08002450                WWDG_IRQHandler
                0x08002450                TIM2_IRQHandler
                0x08002450                OTG_FS_WKUP_IRQHandler
                0x08002450                TIM1_TRG_COM_TIM11_IRQHandler
                0x08002450                EXTI1_IRQHandler
                0x08002450                USART2_IRQHandler
                0x08002450                I2C2_ER_IRQHandler
                0x08002450                DMA2_Stream1_IRQHandler
                0x08002450                FLASH_IRQHandler
                0x08002450                DMA2_Stream4_IRQHandler
                0x08002450                USART1_IRQHandler
                0x08002450                OTG_FS_IRQHandler
                0x08002450                SPI3_IRQHandler
                0x08002450                DMA1_Stream4_IRQHandler
                0x08002450                I2C1_ER_IRQHandler
                0x08002450                DMA2_Stream6_IRQHandler
                0x08002450                DMA1_Stream3_IRQHandler
 *fill*         0x08002452        0x2 
 .text.HAL_Init
                0x08002454       0x44 ./Drivers/STM32F4xx_HAL_Driver/Src/stm32f4xx_hal.o
                0x08002454                HAL_Init
 .text.HAL_IncTick
                0x08002498       0x28 ./Drivers/STM32F4xx_HAL_Driver/Src/stm32f4xx_hal.o
                0x08002498                HAL_IncTick
 .text.HAL_GetTick
                0x080024c0       0x18 ./Drivers/STM32F4xx_HAL_Driver/Src/stm32f4xx_hal.o
                0x080024c0                HAL_GetTick
 .text.HAL_Delay
                0x080024d8       0x48 ./Drivers/STM32F4xx_HAL_Driver/Src/stm32f4xx_hal.o
                0x080024d8                HAL_Delay
 .text.__NVIC_SetPriorityGrouping
                0x08002520       0x48 ./Drivers/STM32F4xx_HAL_Driver/Src/stm32f4xx_hal_cortex.o
 .text.__NVIC_GetPriorityGrouping
                0x08002568       0x1c ./Drivers/STM32F4xx_HAL_Driver/Src/stm32f4xx_hal_cortex.o
 .text.__NVIC_EnableIRQ
                0x08002584       0x3c ./Drivers/STM32F4xx_HAL_Driver/Src/stm32f4xx_hal_cortex.o
 .text.__NVIC_SetPriority
                0x080025c0       0x54 ./Drivers/STM32F4xx_HAL_Driver/Src/stm32f4xx_hal_cortex.o
 .text.NVIC_EncodePriority
                0x08002614       0x66 ./Drivers/STM32F4xx_HAL_Driver/Src/stm32f4xx_hal_cortex.o
 .text.HAL_NVIC_SetPriorityGrouping
                0x0800267a       0x16 ./Drivers/STM32F4xx_HAL_Driver/Src/stm32f4xx_hal_cortex.o
                0x0800267a                HAL_NVIC_SetPriorityGrouping
 .text.HAL_NVIC_SetPriority
                0x08002690       0x38 ./Drivers/STM32F4xx_HAL_Driver/Src/stm32f4xx_hal_cortex.o
                0x08002690                HAL_NVIC_SetPriority
 .text.HAL_NVIC_EnableIRQ
                0x080026c8       0x1c ./Drivers/STM32F4xx_HAL_Driver/Src/stm32f4xx_hal_cortex.o
                0x080026c8                HAL_NVIC_EnableIRQ
 .text.HAL_GPIO_Init
                0x080026e4      0x308 ./Drivers/STM32F4xx_HAL_Driver/Src/stm32f4xx_hal_gpio.o
                0x080026e4                HAL_GPIO_Init
 .text.HAL_GPIO_ReadPin
                0x080029ec       0x30 ./Drivers/STM32F4xx_HAL_Driver/Src/stm32f4xx_hal_gpio.o
                0x080029ec                HAL_GPIO_ReadPin
 .text.HAL_GPIO_WritePin
                0x08002a1c       0x32 ./Drivers/STM32F4xx_HAL_Driver/Src/stm32f4xx_hal_gpio.o
                0x08002a1c                HAL_GPIO_WritePin
 *fill*         0x08002a4e        0x2 
 .text.HAL_RCC_OscConfig
                0x08002a50      0x4f0 ./Drivers/STM32F4xx_HAL_Driver/Src/stm32f4xx_hal_rcc.o
                0x08002a50                HAL_RCC_OscConfig
 .text.HAL_RCC_ClockConfig
                0x08002f40      0x1cc ./Drivers/STM32F4xx_HAL_Driver/Src/stm32f4xx_hal_rcc.o
                0x08002f40                HAL_RCC_ClockConfig
 .text.HAL_RCC_GetSysClockFreq
                0x0800310c      0x188 ./Drivers/STM32F4xx_HAL_Driver/Src/stm32f4xx_hal_rcc.o
                0x0800310c                HAL_RCC_GetSysClockFreq
 .text.HAL_RCC_GetHCLKFreq
                0x08003294       0x18 ./Drivers/STM32F4xx_HAL_Driver/Src/stm32f4xx_hal_rcc.o
                0x08003294                HAL_RCC_GetHCLKFreq
 .text.HAL_RCC_GetPCLK1Freq
                0x080032ac       0x28 ./Drivers/STM32F4xx_HAL_Driver/Src/stm32f4xx_hal_rcc.o
                0x080032ac                HAL_RCC_GetPCLK1Freq
 .text.HAL_RCC_GetClockConfig
                0x080032d4       0x64 ./Drivers/STM32F4xx_HAL_Driver/Src/stm32f4xx_hal_rcc.o
                0x080032d4                HAL_RCC_GetClockConfig
 .text.HAL_SPI_Init
                0x08003338      0x112 ./Drivers/STM32F4xx_HAL_Driver/Src/stm32f4xx_hal_spi.o
                0x08003338                HAL_SPI_Init
 .text.HAL_SPI_Transmit
                0x0800344a      0x288 ./Drivers/STM32F4xx_HAL_Driver/Src/stm32f4xx_hal_spi.o
                0x0800344a                HAL_SPI_Transmit
 .text.HAL_SPI_Receive
                0x080036d2      0x232 ./Drivers/STM32F4xx_HAL_Driver/Src/stm32f4xx_hal_spi.o
                0x080036d2                HAL_SPI_Receive
 .text.HAL_SPI_TransmitReceive
                0x08003904      0x352 ./Drivers/STM32F4xx_HAL_Driver/Src/stm32f4xx_hal_spi.o
                0x08003904                HAL_SPI_TransmitReceive
 *fill*         0x08003c56        0x2 
 .text.SPI_WaitFlagStateUntilTimeout
                0x08003c58      0x110 ./Drivers/STM32F4xx_HAL_Driver/Src/stm32f4xx_hal_spi.o
 .text.SPI_EndRxTransaction
                0x08003d68       0xca ./Drivers/STM32F4xx_HAL_Driver/Src/stm32f4xx_hal_spi.o
 *fill*         0x08003e32        0x2 
 .text.SPI_EndRxTxTransaction
                0x08003e34       0xa8 ./Drivers/STM32F4xx_HAL_Driver/Src/stm32f4xx_hal_spi.o
 .text.HAL_TIM_Base_Init
                0x08003edc       0x9e ./Drivers/STM32F4xx_HAL_Driver/Src/stm32f4xx_hal_tim.o
                0x08003edc                HAL_TIM_Base_Init
 *fill*         0x08003f7a        0x2 
 .text.HAL_TIM_Base_Start_IT
                0x08003f7c       0xc4 ./Drivers/STM32F4xx_HAL_Driver/Src/stm32f4xx_hal_tim.o
                0x08003f7c                HAL_TIM_Base_Start_IT
 .text.HAL_TIM_IRQHandler
                0x08004040      0x1e0 ./Drivers/STM32F4xx_HAL_Driver/Src/stm32f4xx_hal_tim.o
                0x08004040                HAL_TIM_IRQHandler
 .text.HAL_TIM_ConfigClockSource
                0x08004220      0x18e ./Drivers/STM32F4xx_HAL_Driver/Src/stm32f4xx_hal_tim.o
                0x08004220                HAL_TIM_ConfigClockSource
 .text.HAL_TIM_OC_DelayElapsedCallback
                0x080043ae       0x14 ./Drivers/STM32F4xx_HAL_Driver/Src/stm32f4xx_hal_tim.o
                0x080043ae                HAL_TIM_OC_DelayElapsedCallback
 .text.HAL_TIM_IC_CaptureCallback
                0x080043c2       0x14 ./Drivers/STM32F4xx_HAL_Driver/Src/stm32f4xx_hal_tim.o
                0x080043c2                HAL_TIM_IC_CaptureCallback
 .text.HAL_TIM_PWM_PulseFinishedCallback
                0x080043d6       0x14 ./Drivers/STM32F4xx_HAL_Driver/Src/stm32f4xx_hal_tim.o
                0x080043d6                HAL_TIM_PWM_PulseFinishedCallback
 .text.HAL_TIM_TriggerCallback
                0x080043ea       0x14 ./Drivers/STM32F4xx_HAL_Driver/Src/stm32f4xx_hal_tim.o
                0x080043ea                HAL_TIM_TriggerCallback
 *fill*         0x080043fe        0x2 
 .text.TIM_Base_SetConfig
                0x08004400      0x10c ./Drivers/STM32F4xx_HAL_Driver/Src/stm32f4xx_hal_tim.o
                0x08004400                TIM_Base_SetConfig
 .text.TIM_TI1_ConfigInputStage
                0x0800450c       0x5e ./Drivers/STM32F4xx_HAL_Driver/Src/stm32f4xx_hal_tim.o
 .text.TIM_TI2_ConfigInputStage
                0x0800456a       0x60 ./Drivers/STM32F4xx_HAL_Driver/Src/stm32f4xx_hal_tim.o
 .text.TIM_ITRx_SetConfig
                0x080045ca       0x36 ./Drivers/STM32F4xx_HAL_Driver/Src/stm32f4xx_hal_tim.o
 .text.TIM_ETR_SetConfig
                0x08004600       0x40 ./Drivers/STM32F4xx_HAL_Driver/Src/stm32f4xx_hal_tim.o
                0x08004600                TIM_ETR_SetConfig
 .text.HAL_TIMEx_MasterConfigSynchronization
                0x08004640       0xdc ./Drivers/STM32F4xx_HAL_Driver/Src/stm32f4xx_hal_tim_ex.o
                0x08004640                HAL_TIMEx_MasterConfigSynchronization
 .text.HAL_TIMEx_CommutCallback
                0x0800471c       0x14 ./Drivers/STM32F4xx_HAL_Driver/Src/stm32f4xx_hal_tim_ex.o
                0x0800471c                HAL_TIMEx_CommutCallback
 .text.HAL_TIMEx_BreakCallback
                0x08004730       0x14 ./Drivers/STM32F4xx_HAL_Driver/Src/stm32f4xx_hal_tim_ex.o
                0x08004730                HAL_TIMEx_BreakCallback
 .text.makeFreeRtosPriority
                0x08004744       0x30 ./Middlewares/Third_Party/FreeRTOS/Source/CMSIS_RTOS/cmsis_os.o
 .text.inHandlerMode
                0x08004774       0x24 ./Middlewares/Third_Party/FreeRTOS/Source/CMSIS_RTOS/cmsis_os.o
 .text.osKernelStart
                0x08004798        0xe ./Middlewares/Third_Party/FreeRTOS/Source/CMSIS_RTOS/cmsis_os.o
                0x08004798                osKernelStart
 .text.osThreadCreate
                0x080047a6       0x98 ./Middlewares/Third_Party/FreeRTOS/Source/CMSIS_RTOS/cmsis_os.o
                0x080047a6                osThreadCreate
 .text.osDelay  0x0800483e       0x28 ./Middlewares/Third_Party/FreeRTOS/Source/CMSIS_RTOS/cmsis_os.o
                0x0800483e                osDelay
 .text.osMutexCreate
                0x08004866       0x30 ./Middlewares/Third_Party/FreeRTOS/Source/CMSIS_RTOS/cmsis_os.o
                0x08004866                osMutexCreate
 *fill*         0x08004896        0x2 
 .text.osMutexWait
                0x08004898       0x9c ./Middlewares/Third_Party/FreeRTOS/Source/CMSIS_RTOS/cmsis_os.o
                0x08004898                osMutexWait
 .text.osMutexRelease
                0x08004934       0x6c ./Middlewares/Third_Party/FreeRTOS/Source/CMSIS_RTOS/cmsis_os.o
                0x08004934                osMutexRelease
 .text.vListInitialise
                0x080049a0       0x40 ./Middlewares/Third_Party/FreeRTOS/Source/list.o
                0x080049a0                vListInitialise
 .text.vListInitialiseItem
                0x080049e0       0x1a ./Middlewares/Third_Party/FreeRTOS/Source/list.o
                0x080049e0                vListInitialiseItem
 .text.vListInsertEnd
                0x080049fa       0x48 ./Middlewares/Third_Party/FreeRTOS/Source/list.o
                0x080049fa                vListInsertEnd
 .text.vListInsert
                0x08004a42       0x72 ./Middlewares/Third_Party/FreeRTOS/Source/list.o
                0x08004a42                vListInsert
 .text.uxListRemove
                0x08004ab4       0x54 ./Middlewares/Third_Party/FreeRTOS/Source/list.o
                0x08004ab4                uxListRemove
 .text.xQueueGenericReset
                0x08004b08       0xd4 ./Middlewares/Third_Party/FreeRTOS/Source/queue.o
                0x08004b08                xQueueGenericReset
 .text.xQueueGenericCreateStatic
                0x08004bdc       0xfa ./Middlewares/Third_Party/FreeRTOS/Source/queue.o
                0x08004bdc                xQueueGenericCreateStatic
 .text.xQueueGenericCreate
                0x08004cd6       0x76 ./Middlewares/Third_Party/FreeRTOS/Source/queue.o
                0x08004cd6                xQueueGenericCreate
 .text.prvInitialiseNewQueue
                0x08004d4c       0x3e ./Middlewares/Third_Party/FreeRTOS/Source/queue.o
 .text.prvInitialiseMutex
                0x08004d8a       0x34 ./Middlewares/Third_Party/FreeRTOS/Source/queue.o
 .text.xQueueCreateMutex
                0x08004dbe       0x30 ./Middlewares/Third_Party/FreeRTOS/Source/queue.o
                0x08004dbe                xQueueCreateMutex
 .text.xQueueCreateMutexStatic
                0x08004dee       0x36 ./Middlewares/Third_Party/FreeRTOS/Source/queue.o
                0x08004dee                xQueueCreateMutexStatic
 .text.xQueueGenericSend
                0x08004e24      0x204 ./Middlewares/Third_Party/FreeRTOS/Source/queue.o
                0x08004e24                xQueueGenericSend
 .text.xQueueGiveFromISR
                0x08005028      0x120 ./Middlewares/Third_Party/FreeRTOS/Source/queue.o
                0x08005028                xQueueGiveFromISR
 .text.xQueueSemaphoreTake
                0x08005148      0x220 ./Middlewares/Third_Party/FreeRTOS/Source/queue.o
                0x08005148                xQueueSemaphoreTake
 .text.xQueueReceiveFromISR
                0x08005368      0x104 ./Middlewares/Third_Party/FreeRTOS/Source/queue.o
                0x08005368                xQueueReceiveFromISR
 .text.prvGetDisinheritPriorityAfterTimeout
                0x0800546c       0x30 ./Middlewares/Third_Party/FreeRTOS/Source/queue.o
 .text.prvCopyDataToQueue
                0x0800549c       0xd4 ./Middlewares/Third_Party/FreeRTOS/Source/queue.o
 .text.prvCopyDataFromQueue
                0x08005570       0x4c ./Middlewares/Third_Party/FreeRTOS/Source/queue.o
 .text.prvUnlockQueue
                0x080055bc       0xa4 ./Middlewares/Third_Party/FreeRTOS/Source/queue.o
 .text.prvIsQueueEmpty
                0x08005660       0x2c ./Middlewares/Third_Party/FreeRTOS/Source/queue.o
 .text.prvIsQueueFull
                0x0800568c       0x30 ./Middlewares/Third_Party/FreeRTOS/Source/queue.o
 .text.xTaskCreateStatic
                0x080056bc       0xc0 ./Middlewares/Third_Party/FreeRTOS/Source/tasks.o
                0x080056bc                xTaskCreateStatic
 .text.xTaskCreate
                0x0800577c       0x8a ./Middlewares/Third_Party/FreeRTOS/Source/tasks.o
                0x0800577c                xTaskCreate
 .text.prvInitialiseNewTask
                0x08005806      0x110 ./Middlewares/Third_Party/FreeRTOS/Source/tasks.o
 *fill*         0x08005916        0x2 
 .text.prvAddNewTaskToReadyList
                0x08005918       0xd4 ./Middlewares/Third_Party/FreeRTOS/Source/tasks.o
 .text.vTaskDelay
                0x080059ec       0x6c ./Middlewares/Third_Party/FreeRTOS/Source/tasks.o
                0x080059ec                vTaskDelay
 .text.vTaskStartScheduler
                0x08005a58       0xc4 ./Middlewares/Third_Party/FreeRTOS/Source/tasks.o
                0x08005a58                vTaskStartScheduler
 .text.vTaskSuspendAll
                0x08005b1c       0x1c ./Middlewares/Third_Party/FreeRTOS/Source/tasks.o
                0x08005b1c                vTaskSuspendAll
 .text.xTaskResumeAll
                0x08005b38      0x13c ./Middlewares/Third_Party/FreeRTOS/Source/tasks.o
                0x08005b38                xTaskResumeAll
 .text.xTaskIncrementTick
                0x08005c74      0x174 ./Middlewares/Third_Party/FreeRTOS/Source/tasks.o
                0x08005c74                xTaskIncrementTick
 .text.vTaskSwitchContext
                0x08005de8       0xb8 ./Middlewares/Third_Party/FreeRTOS/Source/tasks.o
                0x08005de8                vTaskSwitchContext
 .text.vTaskPlaceOnEventList
                0x08005ea0       0x4c ./Middlewares/Third_Party/FreeRTOS/Source/tasks.o
                0x08005ea0                vTaskPlaceOnEventList
 .text.xTaskRemoveFromEventList
                0x08005eec       0xc8 ./Middlewares/Third_Party/FreeRTOS/Source/tasks.o
                0x08005eec                xTaskRemoveFromEventList
 .text.vTaskInternalSetTimeOutState
                0x08005fb4       0x2c ./Middlewares/Third_Party/FreeRTOS/Source/tasks.o
                0x08005fb4                vTaskInternalSetTimeOutState
 .text.xTaskCheckForTimeOut
                0x08005fe0       0xc8 ./Middlewares/Third_Party/FreeRTOS/Source/tasks.o
                0x08005fe0                xTaskCheckForTimeOut
 .text.vTaskMissedYield
                0x080060a8       0x18 ./Middlewares/Third_Party/FreeRTOS/Source/tasks.o
                0x080060a8                vTaskMissedYield
 .text.prvIdleTask
                0x080060c0       0x30 ./Middlewares/Third_Party/FreeRTOS/Source/tasks.o
 .text.prvInitialiseTaskLists
                0x080060f0       0x80 ./Middlewares/Third_Party/FreeRTOS/Source/tasks.o
 .text.prvCheckTasksWaitingTermination
                0x08006170       0x5c ./Middlewares/Third_Party/FreeRTOS/Source/tasks.o
 .text.prvDeleteTCB
                0x080061cc       0x60 ./Middlewares/Third_Party/FreeRTOS/Source/tasks.o
 .text.prvResetNextTaskUnblockTime
                0x0800622c       0x40 ./Middlewares/Third_Party/FreeRTOS/Source/tasks.o
 .text.xTaskGetSchedulerState
                0x0800626c       0x3c ./Middlewares/Third_Party/FreeRTOS/Source/tasks.o
                0x0800626c                xTaskGetSchedulerState
 .text.xTaskPriorityInherit
                0x080062a8       0xec ./Middlewares/Third_Party/FreeRTOS/Source/tasks.o
                0x080062a8                xTaskPriorityInherit
 .text.xTaskPriorityDisinherit
                0x08006394      0x110 ./Middlewares/Third_Party/FreeRTOS/Source/tasks.o
                0x08006394                xTaskPriorityDisinherit
 .text.vTaskPriorityDisinheritAfterTimeout
                0x080064a4      0x120 ./Middlewares/Third_Party/FreeRTOS/Source/tasks.o
                0x080064a4                vTaskPriorityDisinheritAfterTimeout
 .text.pvTaskIncrementMutexHeldCount
                0x080065c4       0x28 ./Middlewares/Third_Party/FreeRTOS/Source/tasks.o
                0x080065c4                pvTaskIncrementMutexHeldCount
 .text.prvAddCurrentTaskToDelayedList
                0x080065ec       0xcc ./Middlewares/Third_Party/FreeRTOS/Source/tasks.o
 .text.pxPortInitialiseStack
                0x080066b8       0x68 ./Middlewares/Third_Party/FreeRTOS/Source/portable/GCC/ARM_CM4F/port.o
                0x080066b8                pxPortInitialiseStack
 .text.prvTaskExitError
                0x08006720       0x5c ./Middlewares/Third_Party/FreeRTOS/Source/portable/GCC/ARM_CM4F/port.o
 *fill*         0x0800677c        0x4 
 .text.SVC_Handler
                0x08006780       0x28 ./Middlewares/Third_Party/FreeRTOS/Source/portable/GCC/ARM_CM4F/port.o
                0x08006780                SVC_Handler
 .text.prvPortStartFirstTask
                0x080067a8       0x28 ./Middlewares/Third_Party/FreeRTOS/Source/portable/GCC/ARM_CM4F/port.o
 .text.xPortStartScheduler
                0x080067d0      0x148 ./Middlewares/Third_Party/FreeRTOS/Source/portable/GCC/ARM_CM4F/port.o
                0x080067d0                xPortStartScheduler
 .text.vPortEnterCritical
                0x08006918       0x64 ./Middlewares/Third_Party/FreeRTOS/Source/portable/GCC/ARM_CM4F/port.o
                0x08006918                vPortEnterCritical
 .text.vPortExitCritical
                0x0800697c       0x54 ./Middlewares/Third_Party/FreeRTOS/Source/portable/GCC/ARM_CM4F/port.o
                0x0800697c                vPortExitCritical
 .text.PendSV_Handler
                0x080069d0       0x68 ./Middlewares/Third_Party/FreeRTOS/Source/portable/GCC/ARM_CM4F/port.o
                0x080069d0                PendSV_Handler
 .text.SysTick_Handler
                0x08006a38       0x44 ./Middlewares/Third_Party/FreeRTOS/Source/portable/GCC/ARM_CM4F/port.o
                0x08006a38                SysTick_Handler
 .text.vPortSetupTimerInterrupt
                0x08006a7c       0x48 ./Middlewares/Third_Party/FreeRTOS/Source/portable/GCC/ARM_CM4F/port.o
                0x08006a7c                vPortSetupTimerInterrupt
 .text.vPortEnableVFP
                0x08006ac4       0x14 ./Middlewares/Third_Party/FreeRTOS/Source/portable/GCC/ARM_CM4F/port.o
 .text.vPortValidateInterruptPriority
                0x08006ad8       0x84 ./Middlewares/Third_Party/FreeRTOS/Source/portable/GCC/ARM_CM4F/port.o
                0x08006ad8                vPortValidateInterruptPriority
 .text.pvPortMalloc
                0x08006b5c      0x19c ./Middlewares/Third_Party/FreeRTOS/Source/portable/MemMang/heap_4.o
                0x08006b5c                pvPortMalloc
 .text.vPortFree
                0x08006cf8       0xc8 ./Middlewares/Third_Party/FreeRTOS/Source/portable/MemMang/heap_4.o
                0x08006cf8                vPortFree
 .text.prvHeapInit
                0x08006dc0       0xc4 ./Middlewares/Third_Party/FreeRTOS/Source/portable/MemMang/heap_4.o
 .text.prvInsertBlockIntoFreeList
                0x08006e84       0xb4 ./Middlewares/Third_Party/FreeRTOS/Source/portable/MemMang/heap_4.o
 .text.sprintf  0x08006f38       0x44 C:/ST/STM32CubeIDE_1.19.0/STM32CubeIDE/plugins/com.st.stm32cube.ide.mcu.externaltools.gnu-tools-for-stm32.14.3.rel1.win32_1.0.100.202602081740/tools/bin/../lib/gcc/arm-none-eabi/14.3.1/../../../../arm-none-eabi/lib/thumb/v7e-m+fp/hard\libc_nano.a(libc_a-sprintf.o)
                0x08006f38                siprintf
                0x08006f38                sprintf
 .text.memset   0x08006f7c       0x10 C:/ST/STM32CubeIDE_1.19.0/STM32CubeIDE/plugins/com.st.stm32cube.ide.mcu.externaltools.gnu-tools-for-stm32.14.3.rel1.win32_1.0.100.202602081740/tools/bin/../lib/gcc/arm-none-eabi/14.3.1/../../../../arm-none-eabi/lib/thumb/v7e-m+fp/hard\libc_nano.a(libc_a-memset.o)
                0x08006f7c                memset
 .text.__errno  0x08006f8c        0xc C:/ST/STM32CubeIDE_1.19.0/STM32CubeIDE/plugins/com.st.stm32cube.ide.mcu.externaltools.gnu-tools-for-stm32.14.3.rel1.win32_1.0.100.202602081740/tools/bin/../lib/gcc/arm-none-eabi/14.3.1/../../../../arm-none-eabi/lib/thumb/v7e-m+fp/hard\libc_nano.a(libc_a-errno.o)
                0x08006f8c                __errno
 .text.__libc_init_array
                0x08006f98       0x48 C:/ST/STM32CubeIDE_1.19.0/STM32CubeIDE/plugins/com.st.stm32cube.ide.mcu.externaltools.gnu-tools-for-stm32.14.3.rel1.win32_1.0.100.202602081740/tools/bin/../lib/gcc/arm-none-eabi/14.3.1/../../../../arm-none-eabi/lib/thumb/v7e-m+fp/hard\libc_nano.a(libc_a-init.o)
                0x08006f98                __libc_init_array
 .text.__retarget_lock_acquire_recursive
                0x08006fe0        0x2 C:/ST/STM32CubeIDE_1.19.0/STM32CubeIDE/plugins/com.st.stm32cube.ide.mcu.externaltools.gnu-tools-for-stm32.14.3.rel1.win32_1.0.100.202602081740/tools/bin/../lib/gcc/arm-none-eabi/14.3.1/../../../../arm-none-eabi/lib/thumb/v7e-m+fp/hard\libc_nano.a(libc_a-lock.o)
                0x08006fe0                __retarget_lock_acquire_recursive
 .text.__retarget_lock_release_recursive
                0x08006fe2        0x2 C:/ST/STM32CubeIDE_1.19.0/STM32CubeIDE/plugins/com.st.stm32cube.ide.mcu.externaltools.gnu-tools-for-stm32.14.3.rel1.win32_1.0.100.202602081740/tools/bin/../lib/gcc/arm-none-eabi/14.3.1/../../../../arm-none-eabi/lib/thumb/v7e-m+fp/hard\libc_nano.a(libc_a-lock.o)
                0x08006fe2                __retarget_lock_release_recursive
 .text.memcpy   0x08006fe4       0x1c C:/ST/STM32CubeIDE_1.19.0/STM32CubeIDE/plugins/com.st.stm32cube.ide.mcu.externaltools.gnu-tools-for-stm32.14.3.rel1.win32_1.0.100.202602081740/tools/bin/../lib/gcc/arm-none-eabi/14.3.1/../../../../arm-none-eabi/lib/thumb/v7e-m+fp/hard\libc_nano.a(libc_a-memcpy-stub.o)
                0x08006fe4                memcpy
 .text._free_r  0x08007000       0x94 C:/ST/STM32CubeIDE_1.19.0/STM32CubeIDE/plugins/com.st.stm32cube.ide.mcu.externaltools.gnu-tools-for-stm32.14.3.rel1.win32_1.0.100.202602081740/tools/bin/../lib/gcc/arm-none-eabi/14.3.1/../../../../arm-none-eabi/lib/thumb/v7e-m+fp/hard\libc_nano.a(libc_a-freer.o)
                0x08007000                _free_r
 .text.sbrk_aligned
                0x08007094       0x44 C:/ST/STM32CubeIDE_1.19.0/STM32CubeIDE/plugins/com.st.stm32cube.ide.mcu.externaltools.gnu-tools-for-stm32.14.3.rel1.win32_1.0.100.202602081740/tools/bin/../lib/gcc/arm-none-eabi/14.3.1/../../../../arm-none-eabi/lib/thumb/v7e-m+fp/hard\libc_nano.a(libc_a-mallocr.o)
 .text._malloc_r
                0x080070d8      0x100 C:/ST/STM32CubeIDE_1.19.0/STM32CubeIDE/plugins/com.st.stm32cube.ide.mcu.externaltools.gnu-tools-for-stm32.14.3.rel1.win32_1.0.100.202602081740/tools/bin/../lib/gcc/arm-none-eabi/14.3.1/../../../../arm-none-eabi/lib/thumb/v7e-m+fp/hard\libc_nano.a(libc_a-mallocr.o)
                0x080070d8                _malloc_r
 .text.__malloc_lock
                0x080071d8        0xc C:/ST/STM32CubeIDE_1.19.0/STM32CubeIDE/plugins/com.st.stm32cube.ide.mcu.externaltools.gnu-tools-for-stm32.14.3.rel1.win32_1.0.100.202602081740/tools/bin/../lib/gcc/arm-none-eabi/14.3.1/../../../../arm-none-eabi/lib/thumb/v7e-m+fp/hard\libc_nano.a(libc_a-mlock.o)
                0x080071d8                __malloc_lock
 .text.__malloc_unlock
                0x080071e4        0xc C:/ST/STM32CubeIDE_1.19.0/STM32CubeIDE/plugins/com.st.stm32cube.ide.mcu.externaltools.gnu-tools-for-stm32.14.3.rel1.win32_1.0.100.202602081740/tools/bin/../lib/gcc/arm-none-eabi/14.3.1/../../../../arm-none-eabi/lib/thumb/v7e-m+fp/hard\libc_nano.a(libc_a-mlock.o)
                0x080071e4                __malloc_unlock
 .text.__ssputs_r
                0x080071f0       0xc0 C:/ST/STM32CubeIDE_1.19.0/STM32CubeIDE/plugins/com.st.stm32cube.ide.mcu.externaltools.gnu-tools-for-stm32.14.3.rel1.win32_1.0.100.202602081740/tools/bin/../lib/gcc/arm-none-eabi/14.3.1/../../../../arm-none-eabi/lib/thumb/v7e-m+fp/hard\libc_nano.a(libc_a-nano-svfprintf.o)
                0x080071f0                __ssputs_r
 .text._svfprintf_r
                0x080072b0      0x1f0 C:/ST/STM32CubeIDE_1.19.0/STM32CubeIDE/plugins/com.st.stm32cube.ide.mcu.externaltools.gnu-tools-for-stm32.14.3.rel1.win32_1.0.100.202602081740/tools/bin/../lib/gcc/arm-none-eabi/14.3.1/../../../../arm-none-eabi/lib/thumb/v7e-m+fp/hard\libc_nano.a(libc_a-nano-svfprintf.o)
                0x080072b0                _svfiprintf_r
                0x080072b0                _svfprintf_r
 .text._printf_common
                0x080074a0       0xda C:/ST/STM32CubeIDE_1.19.0/STM32CubeIDE/plugins/com.st.stm32cube.ide.mcu.externaltools.gnu-tools-for-stm32.14.3.rel1.win32_1.0.100.202602081740/tools/bin/../lib/gcc/arm-none-eabi/14.3.1/../../../../arm-none-eabi/lib/thumb/v7e-m+fp/hard\libc_nano.a(libc_a-nano-vfprintf_i.o)
                0x080074a0                _printf_common
 *fill*         0x0800757a        0x2 
 .text._printf_i
                0x0800757c      0x24c C:/ST/STM32CubeIDE_1.19.0/STM32CubeIDE/plugins/com.st.stm32cube.ide.mcu.externaltools.gnu-tools-for-stm32.14.3.rel1.win32_1.0.100.202602081740/tools/bin/../lib/gcc/arm-none-eabi/14.3.1/../../../../arm-none-eabi/lib/thumb/v7e-m+fp/hard\libc_nano.a(libc_a-nano-vfprintf_i.o)
                0x0800757c                _printf_i
 .text.memmove  0x080077c8       0x32 C:/ST/STM32CubeIDE_1.19.0/STM32CubeIDE/plugins/com.st.stm32cube.ide.mcu.externaltools.gnu-tools-for-stm32.14.3.rel1.win32_1.0.100.202602081740/tools/bin/../lib/gcc/arm-none-eabi/14.3.1/../../../../arm-none-eabi/lib/thumb/v7e-m+fp/hard\libc_nano.a(libc_a-memmove.o)
                0x080077c8                memmove
 *fill*         0x080077fa        0x2 
 .text._sbrk_r  0x080077fc       0x20 C:/ST/STM32CubeIDE_1.19.0/STM32CubeIDE/plugins/com.st.stm32cube.ide.mcu.externaltools.gnu-tools-for-stm32.14.3.rel1.win32_1.0.100.202602081740/tools/bin/../lib/gcc/arm-none-eabi/14.3.1/../../../../arm-none-eabi/lib/thumb/v7e-m+fp/hard\libc_nano.a(libc_a-sbrkr.o)
                0x080077fc                _sbrk_r
 .text._realloc_r
                0x0800781c       0x5c C:/ST/STM32CubeIDE_1.19.0/STM32CubeIDE/plugins/com.st.stm32cube.ide.mcu.externaltools.gnu-tools-for-stm32.14.3.rel1.win32_1.0.100.202602081740/tools/bin/../lib/gcc/arm-none-eabi/14.3.1/../../../../arm-none-eabi/lib/thumb/v7e-m+fp/hard\libc_nano.a(libc_a-reallocr.o)
                0x0800781c                _realloc_r
 .text._malloc_usable_size_r
                0x08007878       0x10 C:/ST/STM32CubeIDE_1.19.0/STM32CubeIDE/plugins/com.st.stm32cube.ide.mcu.externaltools.gnu-tools-for-stm32.14.3.rel1.win32_1.0.100.202602081740/tools/bin/../lib/gcc/arm-none-eabi/14.3.1/../../../../arm-none-eabi/lib/thumb/v7e-m+fp/hard\libc_nano.a(libc_a-msizer.o)
                0x08007878                _malloc_usable_size_r
 *(.glue_7)
 .glue_7        0x08007888        0x0 linker stubs
 *(.glue_7t)
 .glue_7t       0x08007888        0x0 linker stubs
 *(.eh_frame)
 .eh_frame      0x08007888        0x0 C:/ST/STM32CubeIDE_1.19.0/STM32CubeIDE/plugins/com.st.stm32cube.ide.mcu.externaltools.gnu-tools-for-stm32.14.3.rel1.win32_1.0.100.202602081740/tools/bin/../lib/gcc/arm-none-eabi/14.3.1/thumb/v7e-m+fp/hard/crtbegin.o
 *(.init)
 .init          0x08007888        0x4 C:/ST/STM32CubeIDE_1.19.0/STM32CubeIDE/plugins/com.st.stm32cube.ide.mcu.externaltools.gnu-tools-for-stm32.14.3.rel1.win32_1.0.100.202602081740/tools/bin/../lib/gcc/arm-none-eabi/14.3.1/thumb/v7e-m+fp/hard/crti.o
                0x08007888                _init
 .init          0x0800788c        0x8 C:/ST/STM32CubeIDE_1.19.0/STM32CubeIDE/plugins/com.st.stm32cube.ide.mcu.externaltools.gnu-tools-for-stm32.14.3.rel1.win32_1.0.100.202602081740/tools/bin/../lib/gcc/arm-none-eabi/14.3.1/thumb/v7e-m+fp/hard/crtn.o
 *(.fini)
 .fini          0x08007894        0x4 C:/ST/STM32CubeIDE_1.19.0/STM32CubeIDE/plugins/com.st.stm32cube.ide.mcu.externaltools.gnu-tools-for-stm32.14.3.rel1.win32_1.0.100.202602081740/tools/bin/../lib/gcc/arm-none-eabi/14.3.1/thumb/v7e-m+fp/hard/crti.o
                0x08007894                _fini
 .fini          0x08007898        0x8 C:/ST/STM32CubeIDE_1.19.0/STM32CubeIDE/plugins/com.st.stm32cube.ide.mcu.externaltools.gnu-tools-for-stm32.14.3.rel1.win32_1.0.100.202602081740/tools/bin/../lib/gcc/arm-none-eabi/14.3.1/thumb/v7e-m+fp/hard/crtn.o
                0x080078a0                        . = ALIGN (0x4)
                0x080078a0                        _etext = .

.vfp11_veneer   0x080078a0        0x0
 .vfp11_veneer  0x080078a0        0x0 linker stubs

.v4_bx          0x080078a0        0x0
 .v4_bx         0x080078a0        0x0 linker stubs

.iplt           0x080078a0        0x0
 .iplt          0x080078a0        0x0 C:/ST/STM32CubeIDE_1.19.0/STM32CubeIDE/plugins/com.st.stm32cube.ide.mcu.externaltools.gnu-tools-for-stm32.14.3.rel1.win32_1.0.100.202602081740/tools/bin/../lib/gcc/arm-none-eabi/14.3.1/thumb/v7e-m+fp/hard/crtbegin.o

.rodata         0x080078a0     0x1818
                0x080078a0                        . = ALIGN (0x4)
 *(.rodata)
 .rodata        0x080078a0      0x24c ./Core/Src/main.o
 .rodata        0x08007aec        0x5 ./Middlewares/Third_Party/FreeRTOS/Source/tasks.o
 *(.rodata*)
 *fill*         0x08007af1        0x3 
 .rodata.Font_11x16_times_Data
                0x08007af4     0x13ae ./Core/Src/Font11x16_times_utf8.o
 *fill*         0x08008ea2        0x2 
 .rodata.Font_11x16_times_Map
                0x08008ea4      0x1c6 ./Core/Src/Font11x16_times_utf8.o
 *fill*         0x0800906a        0x2 
 .rodata.AHBPrescTable
                0x0800906c       0x10 ./Core/Src/system_stm32f4xx.o
                0x0800906c                AHBPrescTable
 .rodata.APBPrescTable
                0x0800907c        0x8 ./Core/Src/system_stm32f4xx.o
                0x0800907c                APBPrescTable
 .rodata._svfprintf_r.str1.1
                0x08009084       0x33 C:/ST/STM32CubeIDE_1.19.0/STM32CubeIDE/plugins/com.st.stm32cube.ide.mcu.externaltools.gnu-tools-for-stm32.14.3.rel1.win32_1.0.100.202602081740/tools/bin/../lib/gcc/arm-none-eabi/14.3.1/../../../../arm-none-eabi/lib/thumb/v7e-m+fp/hard\libc_nano.a(libc_a-nano-svfprintf.o)
                                 0x11 (size before relaxing)
 .rodata._printf_i.str1.1
                0x080090b7       0x22 C:/ST/STM32CubeIDE_1.19.0/STM32CubeIDE/plugins/com.st.stm32cube.ide.mcu.externaltools.gnu-tools-for-stm32.14.3.rel1.win32_1.0.100.202602081740/tools/bin/../lib/gcc/arm-none-eabi/14.3.1/../../../../arm-none-eabi/lib/thumb/v7e-m+fp/hard\libc_nano.a(libc_a-nano-vfprintf_i.o)
                0x080090dc                        . = ALIGN (0x4)
 *fill*         0x080090b7        0x1 

.ARM.extab      0x080090b8        0x0
                0x080090b8                        . = ALIGN (0x4)
 *(.ARM.extab* .gnu.linkonce.armextab.*)
                0x080090b8                        . = ALIGN (0x4)

.ARM            0x080090b8        0x8
                0x080090b8                        . = ALIGN (0x4)
                0x080090b8                        __exidx_start = .
 *(.ARM.exidx*)
 .ARM.exidx     0x080090b8        0x8 C:/ST/STM32CubeIDE_1.19.0/STM32CubeIDE/plugins/com.st.stm32cube.ide.mcu.externaltools.gnu-tools-for-stm32.14.3.rel1.win32_1.0.100.202602081740/tools/bin/../lib/gcc/arm-none-eabi/14.3.1/../../../../arm-none-eabi/lib/thumb/v7e-m+fp/hard\libc_nano.a(libc_a-strcmp.o)
 .ARM.exidx     0x080090c0        0x0 C:/ST/STM32CubeIDE_1.19.0/STM32CubeIDE/plugins/com.st.stm32cube.ide.mcu.externaltools.gnu-tools-for-stm32.14.3.rel1.win32_1.0.100.202602081740/tools/bin/../lib/gcc/arm-none-eabi/14.3.1/../../../../arm-none-eabi/lib/thumb/v7e-m+fp/hard\libc_nano.a(libc_a-memchr.o)
                                  0x8 (size before relaxing)
 .ARM.exidx     0x080090c0        0x0 C:/ST/STM32CubeIDE_1.19.0/STM32CubeIDE/plugins/com.st.stm32cube.ide.mcu.externaltools.gnu-tools-for-stm32.14.3.rel1.win32_1.0.100.202602081740/tools/bin/../lib/gcc/arm-none-eabi/14.3.1/thumb/v7e-m+fp/hard\libgcc.a(_udivmoddi4.o)
                                  0x8 (size before relaxing)
                0x080090c0                        __exidx_end = .
                0x080090c0                        . = ALIGN (0x4)

.preinit_array  0x080090c0        0x0
                0x080090c0                        . = ALIGN (0x4)
                0x080090c0                        PROVIDE (__preinit_array_start = .)
 *(.preinit_array*)
                0x080090c0                        PROVIDE (__preinit_array_end = .)
                0x080090c0                        . = ALIGN (0x4)

.init_array     0x080090c0        0x4
                0x080090c0                        . = ALIGN (0x4)
                0x080090c0                        PROVIDE (__init_array_start = .)
 *(SORT_BY_NAME(.init_array.*))
 *(.init_array*)
 .init_array    0x080090c0        0x4 C:/ST/STM32CubeIDE_1.19.0/STM32CubeIDE/plugins/com.st.stm32cube.ide.mcu.externaltools.gnu-tools-for-stm32.14.3.rel1.win32_1.0.100.202602081740/tools/bin/../lib/gcc/arm-none-eabi/14.3.1/thumb/v7e-m+fp/hard/crtbegin.o
                0x080090c4                        PROVIDE (__init_array_end = .)
                0x080090c4                        . = ALIGN (0x4)

.fini_array     0x080090c4        0x4
                0x080090c4                        . = ALIGN (0x4)
                [!provide]                        PROVIDE (__fini_array_start = .)
 *(SORT_BY_NAME(.fini_array.*))
 *(.fini_array*)
 .fini_array    0x080090c4        0x4 C:/ST/STM32CubeIDE_1.19.0/STM32CubeIDE/plugins/com.st.stm32cube.ide.mcu.externaltools.gnu-tools-for-stm32.14.3.rel1.win32_1.0.100.202602081740/tools/bin/../lib/gcc/arm-none-eabi/14.3.1/thumb/v7e-m+fp/hard/crtbegin.o
                [!provide]                        PROVIDE (__fini_array_end = .)
                0x080090c8                        . = ALIGN (0x4)
                0x080090c8                        _sidata = LOADADDR (.data)

.rel.dyn        0x080090c8        0x0
 .rel.iplt      0x080090c8        0x0 C:/ST/STM32CubeIDE_1.19.0/STM32CubeIDE/plugins/com.st.stm32cube.ide.mcu.externaltools.gnu-tools-for-stm32.14.3.rel1.win32_1.0.100.202602081740/tools/bin/../lib/gcc/arm-none-eabi/14.3.1/thumb/v7e-m+fp/hard/crtbegin.o

.data           0x20000000      0x110 load address 0x080090c8
                0x20000000                        . = ALIGN (0x4)
                0x20000000                        _sdata = .
 *(.data)
 *(.data*)
 .data.Font_11x16_times
                0x20000000        0xc ./Core/Src/Font11x16_times_utf8.o
                0x20000000                Font_11x16_times
 .data.menu_root
                0x2000000c       0x14 ./Core/Src/main.o
                0x2000000c                menu_root
 .data.menu_scan
                0x20000020       0x14 ./Core/Src/main.o
                0x20000020                menu_scan
 .data.menu_pass
                0x20000034       0x14 ./Core/Src/main.o
                0x20000034                menu_pass
 .data.menu_setting
                0x20000048       0x14 ./Core/Src/main.o
                0x20000048                menu_setting
 .data.menu_add
                0x2000005c       0x14 ./Core/Src/main.o
                0x2000005c                menu_add
 .data.menu_delete
                0x20000070       0x14 ./Core/Src/main.o
                0x20000070                menu_delete
 .data.menu_change
                0x20000084       0x14 ./Core/Src/main.o
                0x20000084                menu_change
 .data.keypad_map
                0x20000098       0x10 ./Core/Src/main.o
                0x20000098                keypad_map
 .data.password
                0x200000a8        0x5 ./Core/Src/main.o
                0x200000a8                password
 *fill*         0x200000ad        0x3 
 .data.SystemCoreClock
                0x200000b0        0x4 ./Core/Src/system_stm32f4xx.o
                0x200000b0                SystemCoreClock
 .data.uwTickPrio
                0x200000b4        0x4 ./Drivers/STM32F4xx_HAL_Driver/Src/stm32f4xx_hal.o
                0x200000b4                uwTickPrio
 .data.uwTickFreq
                0x200000b8        0x1 ./Drivers/STM32F4xx_HAL_Driver/Src/stm32f4xx_hal.o
                0x200000b8                uwTickFreq
 *fill*         0x200000b9        0x3 
 .data.uxCriticalNesting
                0x200000bc        0x4 ./Middlewares/Third_Party/FreeRTOS/Source/portable/GCC/ARM_CM4F/port.o
 .data._impure_ptr
                0x200000c0        0x4 C:/ST/STM32CubeIDE_1.19.0/STM32CubeIDE/plugins/com.st.stm32cube.ide.mcu.externaltools.gnu-tools-for-stm32.14.3.rel1.win32_1.0.100.202602081740/tools/bin/../lib/gcc/arm-none-eabi/14.3.1/../../../../arm-none-eabi/lib/thumb/v7e-m+fp/hard\libc_nano.a(libc_a-impure.o)
                0x200000c0                _impure_ptr
 .data._impure_data
                0x200000c4       0x4c C:/ST/STM32CubeIDE_1.19.0/STM32CubeIDE/plugins/com.st.stm32cube.ide.mcu.externaltools.gnu-tools-for-stm32.14.3.rel1.win32_1.0.100.202602081740/tools/bin/../lib/gcc/arm-none-eabi/14.3.1/../../../../arm-none-eabi/lib/thumb/v7e-m+fp/hard\libc_nano.a(libc_a-impure.o)
                0x200000c4                _impure_data
 *(.RamFunc)
 *(.RamFunc*)
                0x20000110                        . = ALIGN (0x4)
                0x20000110                        _edata = .

.igot.plt       0x20000110        0x0 load address 0x080091d8
 .igot.plt      0x20000110        0x0 C:/ST/STM32CubeIDE_1.19.0/STM32CubeIDE/plugins/com.st.stm32cube.ide.mcu.externaltools.gnu-tools-for-stm32.14.3.rel1.win32_1.0.100.202602081740/tools/bin/../lib/gcc/arm-none-eabi/14.3.1/thumb/v7e-m+fp/hard/crtbegin.o
                0x20000110                        . = ALIGN (0x4)

.bss            0x20000110     0x424c load address 0x080091d8
                0x20000110                        _sbss = .
                0x20000110                        __bss_start__ = _sbss
 *(.bss)
 .bss           0x20000110       0x1c C:/ST/STM32CubeIDE_1.19.0/STM32CubeIDE/plugins/com.st.stm32cube.ide.mcu.externaltools.gnu-tools-for-stm32.14.3.rel1.win32_1.0.100.202602081740/tools/bin/../lib/gcc/arm-none-eabi/14.3.1/thumb/v7e-m+fp/hard/crtbegin.o
 *(.bss*)
 .bss.xIdleTaskTCBBuffer
                0x2000012c       0x54 ./Core/Src/freertos.o
 .bss.xIdleStack
                0x20000180      0x200 ./Core/Src/freertos.o
 .bss.hspi1     0x20000380       0x58 ./Core/Src/main.o
                0x20000380                hspi1
 .bss.htim3     0x200003d8       0x48 ./Core/Src/main.o
                0x200003d8                htim3
 .bss.defaultTaskHandle
                0x20000420        0x4 ./Core/Src/main.o
                0x20000420                defaultTaskHandle
 .bss.current_menu
                0x20000424        0x4 ./Core/Src/main.o
                0x20000424                current_menu
 .bss.selected_item
                0x20000428        0x4 ./Core/Src/main.o
                0x20000428                selected_item
 .bss.card_list
                0x2000042c       0x28 ./Core/Src/main.o
                0x2000042c                card_list
 .bss.card_count
                0x20000454        0x1 ./Core/Src/main.o
                0x20000454                card_count
 *fill*         0x20000455        0x3 
 .bss.input_pass
                0x20000458        0x5 ./Core/Src/main.o
                0x20000458                input_pass
 *fill*         0x2000045d        0x3 
 .bss.spiMutex  0x20000460        0x4 ./Core/Src/main.o
                0x20000460                spiMutex
 .bss.keypadTaskHandle
                0x20000464        0x4 ./Core/Src/main.o
                0x20000464                keypadTaskHandle
 .bss.rfidTaskHandle
                0x20000468        0x4 ./Core/Src/main.o
                0x20000468                rfidTaskHandle
 .bss.htim4     0x2000046c       0x48 ./Core/Src/stm32f4xx_hal_timebase_tim.o
                0x2000046c                htim4
 .bss.__sbrk_heap_end
                0x200004b4        0x4 ./Core/Src/sysmem.o
 .bss.tft_spi   0x200004b8        0x4 ./Core/Src/tft_ili9341.o
                0x200004b8                tft_spi
 .bss.uwTick    0x200004bc        0x4 ./Drivers/STM32F4xx_HAL_Driver/Src/stm32f4xx_hal.o
                0x200004bc                uwTick
 .bss.pxCurrentTCB
                0x200004c0        0x4 ./Middlewares/Third_Party/FreeRTOS/Source/tasks.o
                0x200004c0                pxCurrentTCB
 .bss.pxReadyTasksLists
                0x200004c4       0x8c ./Middlewares/Third_Party/FreeRTOS/Source/tasks.o
 .bss.xDelayedTaskList1
                0x20000550       0x14 ./Middlewares/Third_Party/FreeRTOS/Source/tasks.o
 .bss.xDelayedTaskList2
                0x20000564       0x14 ./Middlewares/Third_Party/FreeRTOS/Source/tasks.o
 .bss.pxDelayedTaskList
                0x20000578        0x4 ./Middlewares/Third_Party/FreeRTOS/Source/tasks.o
 .bss.pxOverflowDelayedTaskList
                0x2000057c        0x4 ./Middlewares/Third_Party/FreeRTOS/Source/tasks.o
 .bss.xPendingReadyList
                0x20000580       0x14 ./Middlewares/Third_Party/FreeRTOS/Source/tasks.o
 .bss.xTasksWaitingTermination
                0x20000594       0x14 ./Middlewares/Third_Party/FreeRTOS/Source/tasks.o
 .bss.uxDeletedTasksWaitingCleanUp
                0x200005a8        0x4 ./Middlewares/Third_Party/FreeRTOS/Source/tasks.o
 .bss.xSuspendedTaskList
                0x200005ac       0x14 ./Middlewares/Third_Party/FreeRTOS/Source/tasks.o
 .bss.uxCurrentNumberOfTasks
                0x200005c0        0x4 ./Middlewares/Third_Party/FreeRTOS/Source/tasks.o
 .bss.xTickCount
                0x200005c4        0x4 ./Middlewares/Third_Party/FreeRTOS/Source/tasks.o
 .bss.uxTopReadyPriority
                0x200005c8        0x4 ./Middlewares/Third_Party/FreeRTOS/Source/tasks.o
 .bss.xSchedulerRunning
                0x200005cc        0x4 ./Middlewares/Third_Party/FreeRTOS/Source/tasks.o
 .bss.xPendedTicks
                0x200005d0        0x4 ./Middlewares/Third_Party/FreeRTOS/Source/tasks.o
 .bss.xYieldPending
                0x200005d4        0x4 ./Middlewares/Third_Party/FreeRTOS/Source/tasks.o
 .bss.xNumOfOverflows
                0x200005d8        0x4 ./Middlewares/Third_Party/FreeRTOS/Source/tasks.o
 .bss.uxTaskNumber
                0x200005dc        0x4 ./Middlewares/Third_Party/FreeRTOS/Source/tasks.o
 .bss.xNextTaskUnblockTime
                0x200005e0        0x4 ./Middlewares/Third_Party/FreeRTOS/Source/tasks.o
 .bss.xIdleTaskHandle
                0x200005e4        0x4 ./Middlewares/Third_Party/FreeRTOS/Source/tasks.o
 .bss.uxSchedulerSuspended
                0x200005e8        0x4 ./Middlewares/Third_Party/FreeRTOS/Source/tasks.o
 .bss.ucMaxSysCallPriority
                0x200005ec        0x1 ./Middlewares/Third_Party/FreeRTOS/Source/portable/GCC/ARM_CM4F/port.o
 *fill*         0x200005ed        0x3 
 .bss.ulMaxPRIGROUPValue
                0x200005f0        0x4 ./Middlewares/Third_Party/FreeRTOS/Source/portable/GCC/ARM_CM4F/port.o
 .bss.ucHeap    0x200005f4     0x3c00 ./Middlewares/Third_Party/FreeRTOS/Source/portable/MemMang/heap_4.o
 .bss.xStart    0x200041f4        0x8 ./Middlewares/Third_Party/FreeRTOS/Source/portable/MemMang/heap_4.o
 .bss.pxEnd     0x200041fc        0x4 ./Middlewares/Third_Party/FreeRTOS/Source/portable/MemMang/heap_4.o
 .bss.xFreeBytesRemaining
                0x20004200        0x4 ./Middlewares/Third_Party/FreeRTOS/Source/portable/MemMang/heap_4.o
 .bss.xMinimumEverFreeBytesRemaining
                0x20004204        0x4 ./Middlewares/Third_Party/FreeRTOS/Source/portable/MemMang/heap_4.o
 .bss.xNumberOfSuccessfulAllocations
                0x20004208        0x4 ./Middlewares/Third_Party/FreeRTOS/Source/portable/MemMang/heap_4.o
 .bss.xNumberOfSuccessfulFrees
                0x2000420c        0x4 ./Middlewares/Third_Party/FreeRTOS/Source/portable/MemMang/heap_4.o
 .bss.xBlockAllocatedBit
                0x20004210        0x4 ./Middlewares/Third_Party/FreeRTOS/Source/portable/MemMang/heap_4.o
 .bss.__sf      0x20004214      0x138 C:/ST/STM32CubeIDE_1.19.0/STM32CubeIDE/plugins/com.st.stm32cube.ide.mcu.externaltools.gnu-tools-for-stm32.14.3.rel1.win32_1.0.100.202602081740/tools/bin/../lib/gcc/arm-none-eabi/14.3.1/../../../../arm-none-eabi/lib/thumb/v7e-m+fp/hard\libc_nano.a(libc_a-findfp.o)
                0x20004214                __sf
 .bss.errno     0x2000434c        0x4 C:/ST/STM32CubeIDE_1.19.0/STM32CubeIDE/plugins/com.st.stm32cube.ide.mcu.externaltools.gnu-tools-for-stm32.14.3.rel1.win32_1.0.100.202602081740/tools/bin/../lib/gcc/arm-none-eabi/14.3.1/../../../../arm-none-eabi/lib/thumb/v7e-m+fp/hard\libc_nano.a(libc_a-reent.o)
                0x2000434c                errno
 .bss.__lock___malloc_recursive_mutex
                0x20004350        0x1 C:/ST/STM32CubeIDE_1.19.0/STM32CubeIDE/plugins/com.st.stm32cube.ide.mcu.externaltools.gnu-tools-for-stm32.14.3.rel1.win32_1.0.100.202602081740/tools/bin/../lib/gcc/arm-none-eabi/14.3.1/../../../../arm-none-eabi/lib/thumb/v7e-m+fp/hard\libc_nano.a(libc_a-lock.o)
                0x20004350                __lock___malloc_recursive_mutex
 *fill*         0x20004351        0x3 
 .bss.__malloc_sbrk_start
                0x20004354        0x4 C:/ST/STM32CubeIDE_1.19.0/STM32CubeIDE/plugins/com.st.stm32cube.ide.mcu.externaltools.gnu-tools-for-stm32.14.3.rel1.win32_1.0.100.202602081740/tools/bin/../lib/gcc/arm-none-eabi/14.3.1/../../../../arm-none-eabi/lib/thumb/v7e-m+fp/hard\libc_nano.a(libc_a-mallocr.o)
                0x20004354                __malloc_sbrk_start
 .bss.__malloc_free_list
                0x20004358        0x4 C:/ST/STM32CubeIDE_1.19.0/STM32CubeIDE/plugins/com.st.stm32cube.ide.mcu.externaltools.gnu-tools-for-stm32.14.3.rel1.win32_1.0.100.202602081740/tools/bin/../lib/gcc/arm-none-eabi/14.3.1/../../../../arm-none-eabi/lib/thumb/v7e-m+fp/hard\libc_nano.a(libc_a-mallocr.o)
                0x20004358                __malloc_free_list
 *(COMMON)
                0x2000435c                        . = ALIGN (0x4)
                0x2000435c                        _ebss = .
                0x2000435c                        __bss_end__ = _ebss

._user_heap_stack
                0x2000435c      0x604 load address 0x080091d8
                0x20004360                        . = ALIGN (0x8)
 *fill*         0x2000435c        0x4 
                [!provide]                        PROVIDE (end = .)
                0x20004360                        PROVIDE (_end = .)
                0x20004560                        . = (. + _Min_Heap_Size)
 *fill*         0x20004360      0x200 
                0x20004960                        . = (. + _Min_Stack_Size)
 *fill*         0x20004560      0x400 
                0x20004960                        . = ALIGN (0x8)

/DISCARD/
 libc.a(*)
 libm.a(*)
 libgcc.a(*)

.ARM.attributes
                0x00000000       0x30
 *(.ARM.attributes)
 .ARM.attributes
                0x00000000       0x22 C:/ST/STM32CubeIDE_1.19.0/STM32CubeIDE/plugins/com.st.stm32cube.ide.mcu.externaltools.gnu-tools-for-stm32.14.3.rel1.win32_1.0.100.202602081740/tools/bin/../lib/gcc/arm-none-eabi/14.3.1/thumb/v7e-m+fp/hard/crti.o
 .ARM.attributes
                0x00000022       0x34 C:/ST/STM32CubeIDE_1.19.0/STM32CubeIDE/plugins/com.st.stm32cube.ide.mcu.externaltools.gnu-tools-for-stm32.14.3.rel1.win32_1.0.100.202602081740/tools/bin/../lib/gcc/arm-none-eabi/14.3.1/thumb/v7e-m+fp/hard/crtbegin.o
 .ARM.attributes
                0x00000056       0x34 ./Core/Src/Font11x16_times_utf8.o
 .ARM.attributes
                0x0000008a       0x34 ./Core/Src/freertos.o
 .ARM.attributes
                0x000000be       0x34 ./Core/Src/main.o
 .ARM.attributes
                0x000000f2       0x34 ./Core/Src/rc522.o
 .ARM.attributes
                0x00000126       0x34 ./Core/Src/stm32f4xx_hal_msp.o
 .ARM.attributes
                0x0000015a       0x34 ./Core/Src/stm32f4xx_hal_timebase_tim.o
 .ARM.attributes
                0x0000018e       0x34 ./Core/Src/stm32f4xx_it.o
 .ARM.attributes
                0x000001c2       0x34 ./Core/Src/sysmem.o
 .ARM.attributes
                0x000001f6       0x34 ./Core/Src/system_stm32f4xx.o
 .ARM.attributes
                0x0000022a       0x34 ./Core/Src/tft_ili9341.o
 .ARM.attributes
                0x0000025e       0x21 ./Core/Startup/startup_stm32f401rctx.o
 .ARM.attributes
                0x0000027f       0x34 ./Drivers/STM32F4xx_HAL_Driver/Src/stm32f4xx_hal.o
 .ARM.attributes
                0x000002b3       0x34 ./Drivers/STM32F4xx_HAL_Driver/Src/stm32f4xx_hal_cortex.o
 .ARM.attributes
                0x000002e7       0x34 ./Drivers/STM32F4xx_HAL_Driver/Src/stm32f4xx_hal_gpio.o
 .ARM.attributes
                0x0000031b       0x34 ./Drivers/STM32F4xx_HAL_Driver/Src/stm32f4xx_hal_rcc.o
 .ARM.attributes
                0x0000034f       0x34 ./Drivers/STM32F4xx_HAL_Driver/Src/stm32f4xx_hal_spi.o
 .ARM.attributes
                0x00000383       0x34 ./Drivers/STM32F4xx_HAL_Driver/Src/stm32f4xx_hal_tim.o
 .ARM.attributes
                0x000003b7       0x34 ./Drivers/STM32F4xx_HAL_Driver/Src/stm32f4xx_hal_tim_ex.o
 .ARM.attributes
                0x000003eb       0x34 ./Middlewares/Third_Party/FreeRTOS/Source/CMSIS_RTOS/cmsis_os.o
 .ARM.attributes
                0x0000041f       0x34 ./Middlewares/Third_Party/FreeRTOS/Source/list.o
 .ARM.attributes
                0x00000453       0x34 ./Middlewares/Third_Party/FreeRTOS/Source/queue.o
 .ARM.attributes
                0x00000487       0x34 ./Middlewares/Third_Party/FreeRTOS/Source/tasks.o
 .ARM.attributes
                0x000004bb       0x34 ./Middlewares/Third_Party/FreeRTOS/Source/portable/GCC/ARM_CM4F/port.o
 .ARM.attributes
                0x000004ef       0x34 ./Middlewares/Third_Party/FreeRTOS/Source/portable/MemMang/heap_4.o
 .ARM.attributes
                0x00000523       0x34 C:/ST/STM32CubeIDE_1.19.0/STM32CubeIDE/plugins/com.st.stm32cube.ide.mcu.externaltools.gnu-tools-for-stm32.14.3.rel1.win32_1.0.100.202602081740/tools/bin/../lib/gcc/arm-none-eabi/14.3.1/../../../../arm-none-eabi/lib/thumb/v7e-m+fp/hard\libc_nano.a(libc_a-findfp.o)
 .ARM.attributes
                0x00000557       0x34 C:/ST/STM32CubeIDE_1.19.0/STM32CubeIDE/plugins/com.st.stm32cube.ide.mcu.externaltools.gnu-tools-for-stm32.14.3.rel1.win32_1.0.100.202602081740/tools/bin/../lib/gcc/arm-none-eabi/14.3.1/../../../../arm-none-eabi/lib/thumb/v7e-m+fp/hard\libc_nano.a(libc_a-sprintf.o)
 .ARM.attributes
                0x0000058b       0x34 C:/ST/STM32CubeIDE_1.19.0/STM32CubeIDE/plugins/com.st.stm32cube.ide.mcu.externaltools.gnu-tools-for-stm32.14.3.rel1.win32_1.0.100.202602081740/tools/bin/../lib/gcc/arm-none-eabi/14.3.1/../../../../arm-none-eabi/lib/thumb/v7e-m+fp/hard\libc_nano.a(libc_a-memset.o)
 .ARM.attributes
                0x000005bf       0x34 C:/ST/STM32CubeIDE_1.19.0/STM32CubeIDE/plugins/com.st.stm32cube.ide.mcu.externaltools.gnu-tools-for-stm32.14.3.rel1.win32_1.0.100.202602081740/tools/bin/../lib/gcc/arm-none-eabi/14.3.1/../../../../arm-none-eabi/lib/thumb/v7e-m+fp/hard\libc_nano.a(libc_a-reent.o)
 .ARM.attributes
                0x000005f3       0x34 C:/ST/STM32CubeIDE_1.19.0/STM32CubeIDE/plugins/com.st.stm32cube.ide.mcu.externaltools.gnu-tools-for-stm32.14.3.rel1.win32_1.0.100.202602081740/tools/bin/../lib/gcc/arm-none-eabi/14.3.1/../../../../arm-none-eabi/lib/thumb/v7e-m+fp/hard\libc_nano.a(libc_a-impure.o)
 .ARM.attributes
                0x00000627       0x34 C:/ST/STM32CubeIDE_1.19.0/STM32CubeIDE/plugins/com.st.stm32cube.ide.mcu.externaltools.gnu-tools-for-stm32.14.3.rel1.win32_1.0.100.202602081740/tools/bin/../lib/gcc/arm-none-eabi/14.3.1/../../../../arm-none-eabi/lib/thumb/v7e-m+fp/hard\libc_nano.a(libc_a-errno.o)
 .ARM.attributes
                0x0000065b       0x34 C:/ST/STM32CubeIDE_1.19.0/STM32CubeIDE/plugins/com.st.stm32cube.ide.mcu.externaltools.gnu-tools-for-stm32.14.3.rel1.win32_1.0.100.202602081740/tools/bin/../lib/gcc/arm-none-eabi/14.3.1/../../../../arm-none-eabi/lib/thumb/v7e-m+fp/hard\libc_nano.a(libc_a-init.o)
 .ARM.attributes
                0x0000068f       0x34 C:/ST/STM32CubeIDE_1.19.0/STM32CubeIDE/plugins/com.st.stm32cube.ide.mcu.externaltools.gnu-tools-for-stm32.14.3.rel1.win32_1.0.100.202602081740/tools/bin/../lib/gcc/arm-none-eabi/14.3.1/../../../../arm-none-eabi/lib/thumb/v7e-m+fp/hard\libc_nano.a(libc_a-lock.o)
 .ARM.attributes
                0x000006c3       0x20 C:/ST/STM32CubeIDE_1.19.0/STM32CubeIDE/plugins/com.st.stm32cube.ide.mcu.externaltools.gnu-tools-for-stm32.14.3.rel1.win32_1.0.100.202602081740/tools/bin/../lib/gcc/arm-none-eabi/14.3.1/../../../../arm-none-eabi/lib/thumb/v7e-m+fp/hard\libc_nano.a(libc_a-strcmp.o)
 .ARM.attributes
                0x000006e3       0x34 C:/ST/STM32CubeIDE_1.19.0/STM32CubeIDE/plugins/com.st.stm32cube.ide.mcu.externaltools.gnu-tools-for-stm32.14.3.rel1.win32_1.0.100.202602081740/tools/bin/../lib/gcc/arm-none-eabi/14.3.1/../../../../arm-none-eabi/lib/thumb/v7e-m+fp/hard\libc_nano.a(libc_a-memcpy-stub.o)
 .ARM.attributes
                0x00000717       0x34 C:/ST/STM32CubeIDE_1.19.0/STM32CubeIDE/plugins/com.st.stm32cube.ide.mcu.externaltools.gnu-tools-for-stm32.14.3.rel1.win32_1.0.100.202602081740/tools/bin/../lib/gcc/arm-none-eabi/14.3.1/../../../../arm-none-eabi/lib/thumb/v7e-m+fp/hard\libc_nano.a(libc_a-freer.o)
 .ARM.attributes
                0x0000074b       0x34 C:/ST/STM32CubeIDE_1.19.0/STM32CubeIDE/plugins/com.st.stm32cube.ide.mcu.externaltools.gnu-tools-for-stm32.14.3.rel1.win32_1.0.100.202602081740/tools/bin/../lib/gcc/arm-none-eabi/14.3.1/../../../../arm-none-eabi/lib/thumb/v7e-m+fp/hard\libc_nano.a(libc_a-mallocr.o)
 .ARM.attributes
                0x0000077f       0x34 C:/ST/STM32CubeIDE_1.19.0/STM32CubeIDE/plugins/com.st.stm32cube.ide.mcu.externaltools.gnu-tools-for-stm32.14.3.rel1.win32_1.0.100.202602081740/tools/bin/../lib/gcc/arm-none-eabi/14.3.1/../../../../arm-none-eabi/lib/thumb/v7e-m+fp/hard\libc_nano.a(libc_a-mlock.o)
 .ARM.attributes
                0x000007b3       0x34 C:/ST/STM32CubeIDE_1.19.0/STM32CubeIDE/plugins/com.st.stm32cube.ide.mcu.externaltools.gnu-tools-for-stm32.14.3.rel1.win32_1.0.100.202602081740/tools/bin/../lib/gcc/arm-none-eabi/14.3.1/../../../../arm-none-eabi/lib/thumb/v7e-m+fp/hard\libc_nano.a(libc_a-nano-svfprintf.o)
 .ARM.attributes
                0x000007e7       0x34 C:/ST/STM32CubeIDE_1.19.0/STM32CubeIDE/plugins/com.st.stm32cube.ide.mcu.externaltools.gnu-tools-for-stm32.14.3.rel1.win32_1.0.100.202602081740/tools/bin/../lib/gcc/arm-none-eabi/14.3.1/../../../../arm-none-eabi/lib/thumb/v7e-m+fp/hard\libc_nano.a(libc_a-nano-vfprintf_i.o)
 .ARM.attributes
                0x0000081b       0x34 C:/ST/STM32CubeIDE_1.19.0/STM32CubeIDE/plugins/com.st.stm32cube.ide.mcu.externaltools.gnu-tools-for-stm32.14.3.rel1.win32_1.0.100.202602081740/tools/bin/../lib/gcc/arm-none-eabi/14.3.1/../../../../arm-none-eabi/lib/thumb/v7e-m+fp/hard\libc_nano.a(libc_a-memmove.o)
 .ARM.attributes
                0x0000084f       0x34 C:/ST/STM32CubeIDE_1.19.0/STM32CubeIDE/plugins/com.st.stm32cube.ide.mcu.externaltools.gnu-tools-for-stm32.14.3.rel1.win32_1.0.100.202602081740/tools/bin/../lib/gcc/arm-none-eabi/14.3.1/../../../../arm-none-eabi/lib/thumb/v7e-m+fp/hard\libc_nano.a(libc_a-sbrkr.o)
 .ARM.attributes
                0x00000883       0x1c C:/ST/STM32CubeIDE_1.19.0/STM32CubeIDE/plugins/com.st.stm32cube.ide.mcu.externaltools.gnu-tools-for-stm32.14.3.rel1.win32_1.0.100.202602081740/tools/bin/../lib/gcc/arm-none-eabi/14.3.1/../../../../arm-none-eabi/lib/thumb/v7e-m+fp/hard\libc_nano.a(libc_a-memchr.o)
 .ARM.attributes
                0x0000089f       0x34 C:/ST/STM32CubeIDE_1.19.0/STM32CubeIDE/plugins/com.st.stm32cube.ide.mcu.externaltools.gnu-tools-for-stm32.14.3.rel1.win32_1.0.100.202602081740/tools/bin/../lib/gcc/arm-none-eabi/14.3.1/../../../../arm-none-eabi/lib/thumb/v7e-m+fp/hard\libc_nano.a(libc_a-reallocr.o)
 .ARM.attributes
                0x000008d3       0x34 C:/ST/STM32CubeIDE_1.19.0/STM32CubeIDE/plugins/com.st.stm32cube.ide.mcu.externaltools.gnu-tools-for-stm32.14.3.rel1.win32_1.0.100.202602081740/tools/bin/../lib/gcc/arm-none-eabi/14.3.1/../../../../arm-none-eabi/lib/thumb/v7e-m+fp/hard\libc_nano.a(libc_a-msizer.o)
 .ARM.attributes
                0x00000907       0x22 C:/ST/STM32CubeIDE_1.19.0/STM32CubeIDE/plugins/com.st.stm32cube.ide.mcu.externaltools.gnu-tools-for-stm32.14.3.rel1.win32_1.0.100.202602081740/tools/bin/../lib/gcc/arm-none-eabi/14.3.1/thumb/v7e-m+fp/hard\libgcc.a(_aeabi_uldivmod.o)
 .ARM.attributes
                0x00000929       0x34 C:/ST/STM32CubeIDE_1.19.0/STM32CubeIDE/plugins/com.st.stm32cube.ide.mcu.externaltools.gnu-tools-for-stm32.14.3.rel1.win32_1.0.100.202602081740/tools/bin/../lib/gcc/arm-none-eabi/14.3.1/thumb/v7e-m+fp/hard\libgcc.a(_udivmoddi4.o)
 .ARM.attributes
                0x0000095d       0x22 C:/ST/STM32CubeIDE_1.19.0/STM32CubeIDE/plugins/com.st.stm32cube.ide.mcu.externaltools.gnu-tools-for-stm32.14.3.rel1.win32_1.0.100.202602081740/tools/bin/../lib/gcc/arm-none-eabi/14.3.1/thumb/v7e-m+fp/hard\libgcc.a(_dvmd_tls.o)
 .ARM.attributes
                0x0000097f       0x22 C:/ST/STM32CubeIDE_1.19.0/STM32CubeIDE/plugins/com.st.stm32cube.ide.mcu.externaltools.gnu-tools-for-stm32.14.3.rel1.win32_1.0.100.202602081740/tools/bin/../lib/gcc/arm-none-eabi/14.3.1/thumb/v7e-m+fp/hard/crtn.o
OUTPUT(rtos_stmf4.elf elf32-littlearm)
LOAD linker stubs
LOAD C:/ST/STM32CubeIDE_1.19.0/STM32CubeIDE/plugins/com.st.stm32cube.ide.mcu.externaltools.gnu-tools-for-stm32.14.3.rel1.win32_1.0.100.202602081740/tools/bin/../lib/gcc/arm-none-eabi/14.3.1/../../../../arm-none-eabi/lib/thumb/v7e-m+fp/hard\libc.a
LOAD C:/ST/STM32CubeIDE_1.19.0/STM32CubeIDE/plugins/com.st.stm32cube.ide.mcu.externaltools.gnu-tools-for-stm32.14.3.rel1.win32_1.0.100.202602081740/tools/bin/../lib/gcc/arm-none-eabi/14.3.1/../../../../arm-none-eabi/lib/thumb/v7e-m+fp/hard\libm.a
LOAD C:/ST/STM32CubeIDE_1.19.0/STM32CubeIDE/plugins/com.st.stm32cube.ide.mcu.externaltools.gnu-tools-for-stm32.14.3.rel1.win32_1.0.100.202602081740/tools/bin/../lib/gcc/arm-none-eabi/14.3.1/thumb/v7e-m+fp/hard\libgcc.a

.debug_info     0x00000000    0x135d1
 .debug_info    0x00000000      0x156 ./Core/Src/Font11x16_times_utf8.o
 .debug_info    0x00000156      0x279 ./Core/Src/freertos.o
 .debug_info    0x000003cf     0x1e29 ./Core/Src/main.o
 .debug_info    0x000021f8      0xa12 ./Core/Src/rc522.o
 .debug_info    0x00002c0a      0xed4 ./Core/Src/stm32f4xx_hal_msp.o
 .debug_info    0x00003ade      0xb7d ./Core/Src/stm32f4xx_hal_timebase_tim.o
 .debug_info    0x0000465b      0x6a4 ./Core/Src/stm32f4xx_it.o
 .debug_info    0x00004cff      0x168 ./Core/Src/sysmem.o
 .debug_info    0x00004e67      0x53e ./Core/Src/system_stm32f4xx.o
 .debug_info    0x000053a5      0xc7d ./Core/Src/tft_ili9341.o
 .debug_info    0x00006022       0x30 ./Core/Startup/startup_stm32f401rctx.o
 .debug_info    0x00006052      0x8bb ./Drivers/STM32F4xx_HAL_Driver/Src/stm32f4xx_hal.o
 .debug_info    0x0000690d      0xcf6 ./Drivers/STM32F4xx_HAL_Driver/Src/stm32f4xx_hal_cortex.o
 .debug_info    0x00007603      0x6f9 ./Drivers/STM32F4xx_HAL_Driver/Src/stm32f4xx_hal_gpio.o
 .debug_info    0x00007cfc      0x905 ./Drivers/STM32F4xx_HAL_Driver/Src/stm32f4xx_hal_rcc.o
 .debug_info    0x00008601     0x1530 ./Drivers/STM32F4xx_HAL_Driver/Src/stm32f4xx_hal_spi.o
 .debug_info    0x00009b31     0x2996 ./Drivers/STM32F4xx_HAL_Driver/Src/stm32f4xx_hal_tim.o
 .debug_info    0x0000c4c7     0x14d4 ./Drivers/STM32F4xx_HAL_Driver/Src/stm32f4xx_hal_tim_ex.o
 .debug_info    0x0000d99b     0x1b60 ./Middlewares/Third_Party/FreeRTOS/Source/CMSIS_RTOS/cmsis_os.o
 .debug_info    0x0000f4fb      0x2af ./Middlewares/Third_Party/FreeRTOS/Source/list.o
 .debug_info    0x0000f7aa     0x17cd ./Middlewares/Third_Party/FreeRTOS/Source/queue.o
 .debug_info    0x00010f77     0x1ca7 ./Middlewares/Third_Party/FreeRTOS/Source/tasks.o
 .debug_info    0x00012c1e      0x4de ./Middlewares/Third_Party/FreeRTOS/Source/portable/GCC/ARM_CM4F/port.o
 .debug_info    0x000130fc      0x4d5 ./Middlewares/Third_Party/FreeRTOS/Source/portable/MemMang/heap_4.o

.debug_abbrev   0x00000000     0x335b
 .debug_abbrev  0x00000000       0xb8 ./Core/Src/Font11x16_times_utf8.o
 .debug_abbrev  0x000000b8       0xd2 ./Core/Src/freertos.o
 .debug_abbrev  0x0000018a      0x40c ./Core/Src/main.o
 .debug_abbrev  0x00000596      0x220 ./Core/Src/rc522.o
 .debug_abbrev  0x000007b6      0x1f9 ./Core/Src/stm32f4xx_hal_msp.o
 .debug_abbrev  0x000009af      0x207 ./Core/Src/stm32f4xx_hal_timebase_tim.o
 .debug_abbrev  0x00000bb6      0x190 ./Core/Src/stm32f4xx_it.o
 .debug_abbrev  0x00000d46       0xbc ./Core/Src/sysmem.o
 .debug_abbrev  0x00000e02      0x11a ./Core/Src/system_stm32f4xx.o
 .debug_abbrev  0x00000f1c      0x260 ./Core/Src/tft_ili9341.o
 .debug_abbrev  0x0000117c       0x24 ./Core/Startup/startup_stm32f401rctx.o
 .debug_abbrev  0x000011a0      0x24b ./Drivers/STM32F4xx_HAL_Driver/Src/stm32f4xx_hal.o
 .debug_abbrev  0x000013eb      0x31d ./Drivers/STM32F4xx_HAL_Driver/Src/stm32f4xx_hal_cortex.o
 .debug_abbrev  0x00001708      0x1d3 ./Drivers/STM32F4xx_HAL_Driver/Src/stm32f4xx_hal_gpio.o
 .debug_abbrev  0x000018db      0x2b6 ./Drivers/STM32F4xx_HAL_Driver/Src/stm32f4xx_hal_rcc.o
 .debug_abbrev  0x00001b91      0x276 ./Drivers/STM32F4xx_HAL_Driver/Src/stm32f4xx_hal_spi.o
 .debug_abbrev  0x00001e07      0x28b ./Drivers/STM32F4xx_HAL_Driver/Src/stm32f4xx_hal_tim.o
 .debug_abbrev  0x00002092      0x296 ./Drivers/STM32F4xx_HAL_Driver/Src/stm32f4xx_hal_tim_ex.o
 .debug_abbrev  0x00002328      0x3b7 ./Middlewares/Third_Party/FreeRTOS/Source/CMSIS_RTOS/cmsis_os.o
 .debug_abbrev  0x000026df       0xf5 ./Middlewares/Third_Party/FreeRTOS/Source/list.o
 .debug_abbrev  0x000027d4      0x3b5 ./Middlewares/Third_Party/FreeRTOS/Source/queue.o
 .debug_abbrev  0x00002b89      0x359 ./Middlewares/Third_Party/FreeRTOS/Source/tasks.o
 .debug_abbrev  0x00002ee2      0x25c ./Middlewares/Third_Party/FreeRTOS/Source/portable/GCC/ARM_CM4F/port.o
 .debug_abbrev  0x0000313e      0x21d ./Middlewares/Third_Party/FreeRTOS/Source/portable/MemMang/heap_4.o

.debug_aranges  0x00000000     0x1310
 .debug_aranges
                0x00000000       0x18 ./Core/Src/Font11x16_times_utf8.o
 .debug_aranges
                0x00000018       0x20 ./Core/Src/freertos.o
 .debug_aranges
                0x00000038       0xd0 ./Core/Src/main.o
 .debug_aranges
                0x00000108       0x88 ./Core/Src/rc522.o
 .debug_aranges
                0x00000190       0x40 ./Core/Src/stm32f4xx_hal_msp.o
 .debug_aranges
                0x000001d0       0x30 ./Core/Src/stm32f4xx_hal_timebase_tim.o
 .debug_aranges
                0x00000200       0x50 ./Core/Src/stm32f4xx_it.o
 .debug_aranges
                0x00000250       0x20 ./Core/Src/sysmem.o
 .debug_aranges
                0x00000270       0x28 ./Core/Src/system_stm32f4xx.o
 .debug_aranges
                0x00000298       0x98 ./Core/Src/tft_ili9341.o
 .debug_aranges
                0x00000330       0x28 ./Core/Startup/startup_stm32f401rctx.o
 .debug_aranges
                0x00000358       0xf0 ./Drivers/STM32F4xx_HAL_Driver/Src/stm32f4xx_hal.o
 .debug_aranges
                0x00000448      0x130 ./Drivers/STM32F4xx_HAL_Driver/Src/stm32f4xx_hal_cortex.o
 .debug_aranges
                0x00000578       0x58 ./Drivers/STM32F4xx_HAL_Driver/Src/stm32f4xx_hal_gpio.o
 .debug_aranges
                0x000005d0       0x88 ./Drivers/STM32F4xx_HAL_Driver/Src/stm32f4xx_hal_rcc.o
 .debug_aranges
                0x00000658      0x1d0 ./Drivers/STM32F4xx_HAL_Driver/Src/stm32f4xx_hal_spi.o
 .debug_aranges
                0x00000828      0x3d0 ./Drivers/STM32F4xx_HAL_Driver/Src/stm32f4xx_hal_tim.o
 .debug_aranges
                0x00000bf8      0x168 ./Drivers/STM32F4xx_HAL_Driver/Src/stm32f4xx_hal_tim_ex.o
 .debug_aranges
                0x00000d60      0x1d8 ./Middlewares/Third_Party/FreeRTOS/Source/CMSIS_RTOS/cmsis_os.o
 .debug_aranges
                0x00000f38       0x40 ./Middlewares/Third_Party/FreeRTOS/Source/list.o
 .debug_aranges
                0x00000f78      0x108 ./Middlewares/Third_Party/FreeRTOS/Source/queue.o
 .debug_aranges
                0x00001080      0x1b8 ./Middlewares/Third_Party/FreeRTOS/Source/tasks.o
 .debug_aranges
                0x00001238       0x80 ./Middlewares/Third_Party/FreeRTOS/Source/portable/GCC/ARM_CM4F/port.o
 .debug_aranges
                0x000012b8       0x58 ./Middlewares/Third_Party/FreeRTOS/Source/portable/MemMang/heap_4.o

.debug_macro    0x00000000    0x1888e
 .debug_macro   0x00000000       0x80 ./Core/Src/Font11x16_times_utf8.o
 .debug_macro   0x00000080      0xad8 ./Core/Src/Font11x16_times_utf8.o
 .debug_macro   0x00000b58       0x22 ./Core/Src/Font11x16_times_utf8.o
 .debug_macro   0x00000b7a       0x8e ./Core/Src/Font11x16_times_utf8.o
 .debug_macro   0x00000c08       0x51 ./Core/Src/Font11x16_times_utf8.o
 .debug_macro   0x00000c59      0x103 ./Core/Src/Font11x16_times_utf8.o
 .debug_macro   0x00000d5c       0x6a ./Core/Src/Font11x16_times_utf8.o
 .debug_macro   0x00000dc6      0x1df ./Core/Src/Font11x16_times_utf8.o
 .debug_macro   0x00000fa5      0x190 ./Core/Src/Font11x16_times_utf8.o
 .debug_macro   0x00001135      0x245 ./Core/Src/freertos.o
 .debug_macro   0x0000137a       0xea ./Core/Src/freertos.o
 .debug_macro   0x00001464      0x15a ./Core/Src/freertos.o
 .debug_macro   0x000015be       0xde ./Core/Src/freertos.o
 .debug_macro   0x0000169c       0x1c ./Core/Src/freertos.o
 .debug_macro   0x000016b8       0x26 ./Core/Src/freertos.o
 .debug_macro   0x000016de      0x504 ./Core/Src/freertos.o
 .debug_macro   0x00001be2       0xb5 ./Core/Src/freertos.o
 .debug_macro   0x00001c97       0xaa ./Core/Src/freertos.o
 .debug_macro   0x00001d41      0x29b ./Core/Src/freertos.o
 .debug_macro   0x00001fdc       0x2e ./Core/Src/freertos.o
 .debug_macro   0x0000200a       0x28 ./Core/Src/freertos.o
 .debug_macro   0x00002032       0x1c ./Core/Src/freertos.o
 .debug_macro   0x0000204e       0x22 ./Core/Src/freertos.o
 .debug_macro   0x00002070       0xfb ./Core/Src/freertos.o
 .debug_macro   0x0000216b     0x1011 ./Core/Src/freertos.o
 .debug_macro   0x0000317c      0x11f ./Core/Src/freertos.o
 .debug_macro   0x0000329b     0xb881 ./Core/Src/freertos.o
 .debug_macro   0x0000eb1c       0x6d ./Core/Src/freertos.o
 .debug_macro   0x0000eb89     0x3693 ./Core/Src/freertos.o
 .debug_macro   0x0001221c       0x5c ./Core/Src/freertos.o
 .debug_macro   0x00012278      0x416 ./Core/Src/freertos.o
 .debug_macro   0x0001268e      0x9e9 ./Core/Src/freertos.o
 .debug_macro   0x00013077      0x115 ./Core/Src/freertos.o
 .debug_macro   0x0001318c       0xf8 ./Core/Src/freertos.o
 .debug_macro   0x00013284       0xa5 ./Core/Src/freertos.o
 .debug_macro   0x00013329      0x15f ./Core/Src/freertos.o
 .debug_macro   0x00013488      0x287 ./Core/Src/freertos.o
 .debug_macro   0x0001370f       0x5f ./Core/Src/freertos.o
 .debug_macro   0x0001376e      0x236 ./Core/Src/freertos.o
 .debug_macro   0x000139a4      0x132 ./Core/Src/freertos.o
 .debug_macro   0x00013ad6      0x23a ./Core/Src/freertos.o
 .debug_macro   0x00013d10       0x2e ./Core/Src/freertos.o
 .debug_macro   0x00013d3e      0x127 ./Core/Src/freertos.o
 .debug_macro   0x00013e65       0x85 ./Core/Src/freertos.o
 .debug_macro   0x00013eea       0x89 ./Core/Src/freertos.o
 .debug_macro   0x00013f73      0x225 ./Core/Src/freertos.o
 .debug_macro   0x00014198      0x8ed ./Core/Src/freertos.o
 .debug_macro   0x00014a85       0x47 ./Core/Src/freertos.o
 .debug_macro   0x00014acc      0x126 ./Core/Src/freertos.o
 .debug_macro   0x00014bf2       0xa0 ./Core/Src/freertos.o
 .debug_macro   0x00014c92      0x3cc ./Core/Src/main.o
 .debug_macro   0x0001505e       0xea ./Core/Src/main.o
 .debug_macro   0x00015148       0x91 ./Core/Src/main.o
 .debug_macro   0x000151d9       0x8d ./Core/Src/main.o
 .debug_macro   0x00015266       0x7e ./Core/Src/main.o
 .debug_macro   0x000152e4       0x19 ./Core/Src/main.o
 .debug_macro   0x000152fd       0xf2 ./Core/Src/main.o
 .debug_macro   0x000153ef       0xbe ./Core/Src/main.o
 .debug_macro   0x000154ad       0xe8 ./Core/Src/main.o
 .debug_macro   0x00015595       0x61 ./Core/Src/main.o
 .debug_macro   0x000155f6       0x2a ./Core/Src/main.o
 .debug_macro   0x00015620       0x43 ./Core/Src/main.o
 .debug_macro   0x00015663       0x34 ./Core/Src/main.o
 .debug_macro   0x00015697       0x16 ./Core/Src/main.o
 .debug_macro   0x000156ad       0x3c ./Core/Src/main.o
 .debug_macro   0x000156e9      0x364 ./Core/Src/main.o
 .debug_macro   0x00015a4d       0x10 ./Core/Src/main.o
 .debug_macro   0x00015a5d       0x16 ./Core/Src/main.o
 .debug_macro   0x00015a73       0x4a ./Core/Src/main.o
 .debug_macro   0x00015abd       0x34 ./Core/Src/main.o
 .debug_macro   0x00015af1       0x10 ./Core/Src/main.o
 .debug_macro   0x00015b01       0x58 ./Core/Src/main.o
 .debug_macro   0x00015b59       0x8e ./Core/Src/main.o
 .debug_macro   0x00015be7       0x1c ./Core/Src/main.o
 .debug_macro   0x00015c03      0x17e ./Core/Src/main.o
 .debug_macro   0x00015d81       0x16 ./Core/Src/main.o
 .debug_macro   0x00015d97       0x16 ./Core/Src/main.o
 .debug_macro   0x00015dad      0x146 ./Core/Src/main.o
 .debug_macro   0x00015ef3       0x16 ./Core/Src/main.o
 .debug_macro   0x00015f09       0x20 ./Core/Src/main.o
 .debug_macro   0x00015f29      0x1dd ./Core/Src/rc522.o
 .debug_macro   0x00016106       0xb8 ./Core/Src/rc522.o
 .debug_macro   0x000161be      0x1dd ./Core/Src/stm32f4xx_hal_msp.o
 .debug_macro   0x0001639b      0x1ce ./Core/Src/stm32f4xx_hal_timebase_tim.o
 .debug_macro   0x00016569      0x1e7 ./Core/Src/stm32f4xx_it.o
 .debug_macro   0x00016750      0x112 ./Core/Src/sysmem.o
 .debug_macro   0x00016862      0x23c ./Core/Src/sysmem.o
 .debug_macro   0x00016a9e      0x1ce ./Core/Src/system_stm32f4xx.o
 .debug_macro   0x00016c6c      0x1fe ./Core/Src/tft_ili9341.o
 .debug_macro   0x00016e6a      0x22e ./Drivers/STM32F4xx_HAL_Driver/Src/stm32f4xx_hal.o
 .debug_macro   0x00017098      0x1ce ./Drivers/STM32F4xx_HAL_Driver/Src/stm32f4xx_hal_cortex.o
 .debug_macro   0x00017266      0x1d4 ./Drivers/STM32F4xx_HAL_Driver/Src/stm32f4xx_hal_gpio.o
 .debug_macro   0x0001743a      0x1f2 ./Drivers/STM32F4xx_HAL_Driver/Src/stm32f4xx_hal_rcc.o
 .debug_macro   0x0001762c      0x1dd ./Drivers/STM32F4xx_HAL_Driver/Src/stm32f4xx_hal_spi.o
 .debug_macro   0x00017809      0x1cf ./Drivers/STM32F4xx_HAL_Driver/Src/stm32f4xx_hal_tim.o
 .debug_macro   0x000179d8      0x1ce ./Drivers/STM32F4xx_HAL_Driver/Src/stm32f4xx_hal_tim_ex.o
 .debug_macro   0x00017ba6      0x1fe ./Middlewares/Third_Party/FreeRTOS/Source/CMSIS_RTOS/cmsis_os.o
 .debug_macro   0x00017da4       0x10 ./Middlewares/Third_Party/FreeRTOS/Source/CMSIS_RTOS/cmsis_os.o
 .debug_macro   0x00017db4       0xe9 ./Middlewares/Third_Party/FreeRTOS/Source/CMSIS_RTOS/cmsis_os.o
 .debug_macro   0x00017e9d      0x187 ./Middlewares/Third_Party/FreeRTOS/Source/list.o
 .debug_macro   0x00018024      0x216 ./Middlewares/Third_Party/FreeRTOS/Source/queue.o
 .debug_macro   0x0001823a       0x87 ./Middlewares/Third_Party/FreeRTOS/Source/queue.o
 .debug_macro   0x000182c1      0x279 ./Middlewares/Third_Party/FreeRTOS/Source/tasks.o
 .debug_macro   0x0001853a       0x10 ./Middlewares/Third_Party/FreeRTOS/Source/tasks.o
 .debug_macro   0x0001854a      0x196 ./Middlewares/Third_Party/FreeRTOS/Source/portable/GCC/ARM_CM4F/port.o
 .debug_macro   0x000186e0      0x1ae ./Middlewares/Third_Party/FreeRTOS/Source/portable/MemMang/heap_4.o

.debug_line     0x00000000    0x14eab
 .debug_line    0x00000000      0x446 ./Core/Src/Font11x16_times_utf8.o
 .debug_line    0x00000446      0x84c ./Core/Src/freertos.o
 .debug_line    0x00000c92     0x10b0 ./Core/Src/main.o
 .debug_line    0x00001d42      0x9f9 ./Core/Src/rc522.o
 .debug_line    0x0000273b      0x7d3 ./Core/Src/stm32f4xx_hal_msp.o
 .debug_line    0x00002f0e      0x7cb ./Core/Src/stm32f4xx_hal_timebase_tim.o
 .debug_line    0x000036d9      0x7d6 ./Core/Src/stm32f4xx_it.o
 .debug_line    0x00003eaf      0x592 ./Core/Src/sysmem.o
 .debug_line    0x00004441      0x7c3 ./Core/Src/system_stm32f4xx.o
 .debug_line    0x00004c04      0xaf5 ./Core/Src/tft_ili9341.o
 .debug_line    0x000056f9       0x7a ./Core/Startup/startup_stm32f401rctx.o
 .debug_line    0x00005773      0xa42 ./Drivers/STM32F4xx_HAL_Driver/Src/stm32f4xx_hal.o
 .debug_line    0x000061b5      0xd0f ./Drivers/STM32F4xx_HAL_Driver/Src/stm32f4xx_hal_cortex.o
 .debug_line    0x00006ec4      0xb58 ./Drivers/STM32F4xx_HAL_Driver/Src/stm32f4xx_hal_gpio.o
 .debug_line    0x00007a1c      0xe4c ./Drivers/STM32F4xx_HAL_Driver/Src/stm32f4xx_hal_rcc.o
 .debug_line    0x00008868     0x1cda ./Drivers/STM32F4xx_HAL_Driver/Src/stm32f4xx_hal_spi.o
 .debug_line    0x0000a542     0x3584 ./Drivers/STM32F4xx_HAL_Driver/Src/stm32f4xx_hal_tim.o
 .debug_line    0x0000dac6     0x193a ./Drivers/STM32F4xx_HAL_Driver/Src/stm32f4xx_hal_tim_ex.o
 .debug_line    0x0000f400     0x130a ./Middlewares/Third_Party/FreeRTOS/Source/CMSIS_RTOS/cmsis_os.o
 .debug_line    0x0001070a      0x796 ./Middlewares/Third_Party/FreeRTOS/Source/list.o
 .debug_line    0x00010ea0     0x14fa ./Middlewares/Third_Party/FreeRTOS/Source/queue.o
 .debug_line    0x0001239a     0x194e ./Middlewares/Third_Party/FreeRTOS/Source/tasks.o
 .debug_line    0x00013ce8      0x816 ./Middlewares/Third_Party/FreeRTOS/Source/portable/GCC/ARM_CM4F/port.o
 .debug_line    0x000144fe      0x9ad ./Middlewares/Third_Party/FreeRTOS/Source/portable/MemMang/heap_4.o

.debug_str      0x00000000    0x967a3
 .debug_str     0x00000000    0x967a3 ./Core/Src/Font11x16_times_utf8.o
                               0x417d (size before relaxing)
 .debug_str     0x000967a3    0x89bef ./Core/Src/freertos.o
 .debug_str     0x000967a3    0x90c4f ./Core/Src/main.o
 .debug_str     0x000967a3    0x863a6 ./Core/Src/rc522.o
 .debug_str     0x000967a3    0x8699c ./Core/Src/stm32f4xx_hal_msp.o
 .debug_str     0x000967a3    0x86643 ./Core/Src/stm32f4xx_hal_timebase_tim.o
 .debug_str     0x000967a3    0x86286 ./Core/Src/stm32f4xx_it.o
 .debug_str     0x000967a3     0x76f6 ./Core/Src/sysmem.o
 .debug_str     0x000967a3    0x85cae ./Core/Src/system_stm32f4xx.o
 .debug_str     0x000967a3    0x865a5 ./Core/Src/tft_ili9341.o
 .debug_str     0x000967a3       0x6e ./Core/Startup/startup_stm32f401rctx.o